Archive member included to satisfy reference by file (symbol)

/usr/lib/gcc/x86_64-linux-gnu/10/../../../x86_64-linux-gnu/libc.a(libc-start.o)
                              /usr/lib/gcc/x86_64-linux-gnu/10/../../../x86_64-linux-gnu/crt1.o (__libc_start_main)
/usr/lib/gcc/x86_64-linux-gnu/10/../../../x86_64-linux-gnu/libc.a(check_fds.o)
                              /usr/lib/gcc/x86_64-linux-gnu/10/../../../x86_64-linux-gnu/libc.a(libc-start.o) (__libc_check_standard_fds)
/usr/lib/gcc/x86_64-linux-gnu/10/../../../x86_64-linux-gnu/libc.a(libc-tls.o)
                              /usr/lib/gcc/x86_64-linux-gnu/10/../../../x86_64-linux-gnu/libc.a(libc-start.o) (__libc_setup_tls)
/usr/lib/gcc/x86_64-linux-gnu/10/../../../x86_64-linux-gnu/libc.a(elf-init.o)
                              /usr/lib/gcc/x86_64-linux-gnu/10/../../../x86_64-linux-gnu/crt1.o (__libc_csu_init)
/usr/lib/gcc/x86_64-linux-gnu/10/../../../x86_64-linux-gnu/libc.a(errno.o)
                              /usr/lib/gcc/x86_64-linux-gnu/10/../../../x86_64-linux-gnu/libc.a(check_fds.o) (__libc_errno)
/usr/lib/gcc/x86_64-linux-gnu/10/../../../x86_64-linux-gnu/libc.a(assert.o)
                              /usr/lib/gcc/x86_64-linux-gnu/10/../../../x86_64-linux-gnu/libc.a(libc-start.o) (__assert_fail)
/usr/lib/gcc/x86_64-linux-gnu/10/../../../x86_64-linux-gnu/libc.a(dcgettext.o)
                              /usr/lib/gcc/x86_64-linux-gnu/10/../../../x86_64-linux-gnu/libc.a(assert.o) (__dcgettext)
/usr/lib/gcc/x86_64-linux-gnu/10/../../../x86_64-linux-gnu/libc.a(dcigettext.o)
                              /usr/lib/gcc/x86_64-linux-gnu/10/../../../x86_64-linux-gnu/libc.a(dcgettext.o) (__dcigettext)
/usr/lib/gcc/x86_64-linux-gnu/10/../../../x86_64-linux-gnu/libc.a(finddomain.o)
                              /usr/lib/gcc/x86_64-linux-gnu/10/../../../x86_64-linux-gnu/libc.a(dcigettext.o) (_nl_find_domain)
/usr/lib/gcc/x86_64-linux-gnu/10/../../../x86_64-linux-gnu/libc.a(loadmsgcat.o)
                              /usr/lib/gcc/x86_64-linux-gnu/10/../../../x86_64-linux-gnu/libc.a(dcigettext.o) (_nl_load_domain)
/usr/lib/gcc/x86_64-linux-gnu/10/../../../x86_64-linux-gnu/libc.a(localealias.o)
                              /usr/lib/gcc/x86_64-linux-gnu/10/../../../x86_64-linux-gnu/libc.a(finddomain.o) (_nl_expand_alias)
/usr/lib/gcc/x86_64-linux-gnu/10/../../../x86_64-linux-gnu/libc.a(l10nflist.o)
                              /usr/lib/gcc/x86_64-linux-gnu/10/../../../x86_64-linux-gnu/libc.a(finddomain.o) (_nl_make_l10nflist)
/usr/lib/gcc/x86_64-linux-gnu/10/../../../x86_64-linux-gnu/libc.a(explodename.o)
                              /usr/lib/gcc/x86_64-linux-gnu/10/../../../x86_64-linux-gnu/libc.a(finddomain.o) (_nl_explode_name)
/usr/lib/gcc/x86_64-linux-gnu/10/../../../x86_64-linux-gnu/libc.a(plural.o)
                              /usr/lib/gcc/x86_64-linux-gnu/10/../../../x86_64-linux-gnu/libc.a(loadmsgcat.o) (__gettext_free_exp)
/usr/lib/gcc/x86_64-linux-gnu/10/../../../x86_64-linux-gnu/libc.a(plural-exp.o)
                              /usr/lib/gcc/x86_64-linux-gnu/10/../../../x86_64-linux-gnu/libc.a(loadmsgcat.o) (__gettext_extract_plural)
/usr/lib/gcc/x86_64-linux-gnu/10/../../../x86_64-linux-gnu/libc.a(hash-string.o)
                              /usr/lib/gcc/x86_64-linux-gnu/10/../../../x86_64-linux-gnu/libc.a(dcigettext.o) (__hash_string)
/usr/lib/gcc/x86_64-linux-gnu/10/../../../x86_64-linux-gnu/libc.a(bsd-_setjmp.o)
                              /usr/lib/gcc/x86_64-linux-gnu/10/../../../x86_64-linux-gnu/libc.a(libc-start.o) (_setjmp)
/usr/lib/gcc/x86_64-linux-gnu/10/../../../x86_64-linux-gnu/libc.a(raise.o)
                              /usr/lib/gcc/x86_64-linux-gnu/10/../../../x86_64-linux-gnu/libc.a(dcigettext.o) (raise)
/usr/lib/gcc/x86_64-linux-gnu/10/../../../x86_64-linux-gnu/libc.a(abort.o)
                              /usr/lib/gcc/x86_64-linux-gnu/10/../../../x86_64-linux-gnu/libc.a(assert.o) (abort)
/usr/lib/gcc/x86_64-linux-gnu/10/../../../x86_64-linux-gnu/libc.a(msort.o)
                              /usr/lib/gcc/x86_64-linux-gnu/10/../../../x86_64-linux-gnu/libc.a(localealias.o) (qsort)
/usr/lib/gcc/x86_64-linux-gnu/10/../../../x86_64-linux-gnu/libc.a(getenv.o)
                              /usr/lib/gcc/x86_64-linux-gnu/10/../../../x86_64-linux-gnu/libc.a(dcigettext.o) (getenv)
/usr/lib/gcc/x86_64-linux-gnu/10/../../../x86_64-linux-gnu/libc.a(exit.o)
                              /usr/lib/gcc/x86_64-linux-gnu/10/../../../x86_64-linux-gnu/libc.a(libc-start.o) (exit)
/usr/lib/gcc/x86_64-linux-gnu/10/../../../x86_64-linux-gnu/libc.a(cxa_atexit.o)
                              /usr/lib/gcc/x86_64-linux-gnu/10/../../../x86_64-linux-gnu/libc.a(exit.o) (__new_exitfn_called)
/usr/lib/gcc/x86_64-linux-gnu/10/../../../x86_64-linux-gnu/libc.a(strtoul.o)
                              /usr/lib/gcc/x86_64-linux-gnu/10/../../../x86_64-linux-gnu/libc.a(plural-exp.o) (strtoul)
[...]
Memory Configuration

Name             Origin             Length             Attributes
*default*        0x0000000000000000 0xffffffffffffffff

Linker script and memory map

LOAD /usr/lib/gcc/x86_64-linux-gnu/10/../../../x86_64-linux-gnu/crt1.o
LOAD /usr/lib/gcc/x86_64-linux-gnu/10/../../../x86_64-linux-gnu/crti.o
LOAD /usr/lib/gcc/x86_64-linux-gnu/10/crtbeginT.o
LOAD ropex.o
LOAD gadget.o
START GROUP
LOAD /usr/lib/gcc/x86_64-linux-gnu/10/libgcc.a
LOAD /usr/lib/gcc/x86_64-linux-gnu/10/libgcc_eh.a
LOAD /usr/lib/gcc/x86_64-linux-gnu/10/../../../x86_64-linux-gnu/libc.a
END GROUP
LOAD /usr/lib/gcc/x86_64-linux-gnu/10/crtend.o
LOAD /usr/lib/gcc/x86_64-linux-gnu/10/../../../x86_64-linux-gnu/crtn.o
                [!provide]                        PROVIDE (__executable_start = SEGMENT_START ("text-segment", 0x400000))
                0x0000000000400200                . = (SEGMENT_START ("text-segment", 0x400000) + SIZEOF_HEADERS)

.interp
 *(.interp)

.note.gnu.build-id
                0x0000000000400200       0x24
 *(.note.gnu.build-id)
 .note.gnu.build-id
                0x0000000000400200       0x24 /usr/lib/gcc/x86_64-linux-gnu/10/../../../x86_64-linux-gnu/crt1.o

.note.ABI-tag   0x0000000000400224       0x20
 .note.ABI-tag  0x0000000000400224       0x20 /usr/lib/gcc/x86_64-linux-gnu/10/../../../x86_64-linux-gnu/crt1.o

.hash
 *(.hash)

.gnu.hash
 *(.gnu.hash)

.dynsym
 *(.dynsym)

.dynstr
 *(.dynstr)

.gnu.version
 *(.gnu.version)

.gnu.version_d
 *(.gnu.version_d)

.gnu.version_r
 *(.gnu.version_r)

.rela.dyn       0x0000000000400248        0x0
 *(.rela.init)
 .rela.init     0x0000000000400248        0x0 /usr/lib/gcc/x86_64-linux-gnu/10/../../../x86_64-linux-gnu/crt1.o
 *(.rela.text .rela.text.* .rela.gnu.linkonce.t.*)
 .rela.text     0x0000000000400248        0x0 /usr/lib/gcc/x86_64-linux-gnu/10/../../../x86_64-linux-gnu/crt1.o
 *(.rela.fini)
 *(.rela.rodata .rela.rodata.* .rela.gnu.linkonce.r.*)
 *(.rela.data .rela.data.* .rela.gnu.linkonce.d.*)
 .rela.data.rel.ro
                0x0000000000400248        0x0 /usr/lib/gcc/x86_64-linux-gnu/10/../../../x86_64-linux-gnu/crt1.o
 *(.rela.tdata .rela.tdata.* .rela.gnu.linkonce.td.*)
 *(.rela.tbss .rela.tbss.* .rela.gnu.linkonce.tb.*)
 *(.rela.ctors)
 *(.rela.dtors)
 *(.rela.got)
 .rela.got      0x0000000000400248        0x0 /usr/lib/gcc/x86_64-linux-gnu/10/../../../x86_64-linux-gnu/crt1.o
 *(.rela.bss .rela.bss.* .rela.gnu.linkonce.b.*)
 *(.rela.ldata .rela.ldata.* .rela.gnu.linkonce.l.*)
 *(.rela.lbss .rela.lbss.* .rela.gnu.linkonce.lb.*)
 *(.rela.lrodata .rela.lrodata.* .rela.gnu.linkonce.lr.*)
 *(.rela.ifunc)
 .rela.eh_frame
                0x0000000000400248        0x0 /usr/lib/gcc/x86_64-linux-gnu/10/../../../x86_64-linux-gnu/crt1.o
 .rela__libc_IO_vtables
                0x0000000000400248        0x0 /usr/lib/gcc/x86_64-linux-gnu/10/../../../x86_64-linux-gnu/crt1.o

.rela.plt       0x0000000000400248      0x240
 *(.rela.plt)
                0x0000000000400248                PROVIDE (__rela_iplt_start = .)
 *(.rela.iplt)
 .rela.iplt     0x0000000000400248      0x240 /usr/lib/gcc/x86_64-linux-gnu/10/../../../x86_64-linux-gnu/crt1.o
                0x0000000000400488                PROVIDE (__rela_iplt_end = .)
                0x0000000000401000                . = ALIGN (CONSTANT (MAXPAGESIZE))

.init           0x0000000000401000       0x17
 *(SORT_NONE(.init))
 .init          0x0000000000401000       0x12 /usr/lib/gcc/x86_64-linux-gnu/10/../../../x86_64-linux-gnu/crti.o
                0x0000000000401000                _init
 .init          0x0000000000401012        0x5 /usr/lib/gcc/x86_64-linux-gnu/10/../../../x86_64-linux-gnu/crtn.o

.plt            0x0000000000401018       0xc0
 *(.plt)
 *(.iplt)
 *fill*         0x0000000000401018        0x0 
 .iplt          0x0000000000401018       0xc0 /usr/lib/gcc/x86_64-linux-gnu/10/../../../x86_64-linux-gnu/crt1.o

.plt.got
 *(.plt.got)

.plt.sec
 *(.plt.sec)

.text           0x00000000004010e0    0x7f3d0
 *(.text.unlikely .text.*_unlikely .text.unlikely.*)
 .text.unlikely
                0x00000000004010e0        0xf /usr/lib/gcc/x86_64-linux-gnu/10/../../../x86_64-linux-gnu/libc.a(assert.o)
 .text.unlikely
                0x00000000004010ef        0x5 /usr/lib/gcc/x86_64-linux-gnu/10/../../../x86_64-linux-gnu/libc.a(loadmsgcat.o)
 .text.unlikely
                0x00000000004010f4      0x20f /usr/lib/gcc/x86_64-linux-gnu/10/../../../x86_64-linux-gnu/libc.a(abort.o)
                0x00000000004010f4                abort
 .text.unlikely
                0x0000000000401303       0x57 /usr/lib/gcc/x86_64-linux-gnu/10/../../../x86_64-linux-gnu/libc.a(iofclose.o)
 .text.unlikely
                0x000000000040135a       0x56 /usr/lib/gcc/x86_64-linux-gnu/10/../../../x86_64-linux-gnu/libc.a(iofflush.o)
 .text.unlikely
                0x00000000004013b0       0x57 /usr/lib/gcc/x86_64-linux-gnu/10/../../../x86_64-linux-gnu/libc.a(ioputs.o)
 .text.unlikely
                0x0000000000401407       0x61 /usr/lib/gcc/x86_64-linux-gnu/10/../../../x86_64-linux-gnu/libc.a(wfileops.o)
 .text.unlikely
                0x0000000000401468       0x57 /usr/lib/gcc/x86_64-linux-gnu/10/../../../x86_64-linux-gnu/libc.a(getc.o)
 .text.unlikely
                0x00000000004014bf       0x57 /usr/lib/gcc/x86_64-linux-gnu/10/../../../x86_64-linux-gnu/libc.a(fileops.o)
 .text.unlikely
                0x0000000000401516        0x6 /usr/lib/gcc/x86_64-linux-gnu/10/../../../x86_64-linux-gnu/libc.a(init-first.o)
                0x0000000000401516                _dl_start
 .text.unlikely
                0x000000000040151c        0x5 /usr/lib/gcc/x86_64-linux-gnu/10/../../../x86_64-linux-gnu/libc.a(printf_fp.o)
 .text.unlikely
                0x0000000000401521        0x5 /usr/lib/gcc/x86_64-linux-gnu/10/../../../x86_64-linux-gnu/libc.a(printf_fphex.o)
 .text.unlikely
                0x0000000000401526       0x56 /usr/lib/gcc/x86_64-linux-gnu/10/../../../x86_64-linux-gnu/libc.a(iofputs.o)
 .text.unlikely
                0x000000000040157c       0x56 /usr/lib/gcc/x86_64-linux-gnu/10/../../../x86_64-linux-gnu/libc.a(iofwrite.o)
 .text.unlikely
                0x00000000004015d2       0x56 /usr/lib/gcc/x86_64-linux-gnu/10/../../../x86_64-linux-gnu/libc.a(iogetdelim.o)
 .text.unlikely
                0x0000000000401628       0x55 /usr/lib/gcc/x86_64-linux-gnu/10/libgcc_eh.a(unwind-dw2.o)
 .text.unlikely
                0x000000000040167d       0x32 /usr/lib/gcc/x86_64-linux-gnu/10/libgcc_eh.a(unwind-dw2-fde-dip.o)
 .text.unlikely
                0x00000000004016af        0xf /usr/lib/gcc/x86_64-linux-gnu/10/libgcc_eh.a(unwind-c.o)
 *(.text.exit .text.exit.*)
 *fill*         0x00000000004016be        0x2 
 .text.exit     0x00000000004016c0       0x3d /usr/lib/gcc/x86_64-linux-gnu/10/../../../x86_64-linux-gnu/libc.a(sdlerror.o)
 *(.text.startup .text.startup.*)
 *fill*         0x00000000004016fd        0x3 
 .text.startup  0x0000000000401700      0x4b8 /usr/lib/gcc/x86_64-linux-gnu/10/../../../x86_64-linux-gnu/libc.a(cacheinfo.o)
 *(.text.hot .text.hot.*)
 *(SORT_BY_NAME(.text.sorted.*))
 *(.text .stub .text.* .gnu.linkonce.t.*)
 *fill*         0x0000000000401bb8        0x8 
 .text          0x0000000000401bc0       0x31 /usr/lib/gcc/x86_64-linux-gnu/10/../../../x86_64-linux-gnu/crt1.o
                0x0000000000401bc0                _start
                0x0000000000401bf0                _dl_relocate_static_pie
 .text          0x0000000000401bf1        0x0 /usr/lib/gcc/x86_64-linux-gnu/10/../../../x86_64-linux-gnu/crti.o
 *fill*         0x0000000000401bf1        0xf 
 .text          0x0000000000401c00       0xdd /usr/lib/gcc/x86_64-linux-gnu/10/crtbeginT.o
 .text          0x0000000000401cdd       0x9e ropex.o
                0x0000000000401cdd                readline
                0x0000000000401d13                echo
                0x0000000000401d2c                main
 .text          0x0000000000401d7b        0xf gadget.o
                0x0000000000401d7b                gadget
 *fill*         0x0000000000401d8a        0x6 
 .text          0x0000000000401d90      0xa45 /usr/lib/gcc/x86_64-linux-gnu/10/../../../x86_64-linux-gnu/libc.a(libc-start.o)
                0x00000000004021b0                __libc_start_main
 *fill*         0x00000000004027d5        0xb 
 .text          0x00000000004027e0       0xe2 /usr/lib/gcc/x86_64-linux-gnu/10/../../../x86_64-linux-gnu/libc.a(check_fds.o)
                0x0000000000402890                __libc_check_standard_fds
 *fill*         0x00000000004028c2        0xe 
 .text          0x00000000004028d0      0x2a8 /usr/lib/gcc/x86_64-linux-gnu/10/../../../x86_64-linux-gnu/libc.a(libc-tls.o)
                0x00000000004028d0                __libc_setup_tls
 *fill*         0x0000000000402b78        0x8 
 .text          0x0000000000402b80       0xcd /usr/lib/gcc/x86_64-linux-gnu/10/../../../x86_64-linux-gnu/libc.a(elf-init.o)
                0x0000000000402b80                __libc_csu_init
                0x0000000000402c10                __libc_csu_fini
 .text          0x0000000000402c4d        0x0 /usr/lib/gcc/x86_64-linux-gnu/10/../../../x86_64-linux-gnu/libc.a(errno.o)
 *fill*         0x0000000000402c4d        0x3 
 .text          0x0000000000402c50      0x1a2 /usr/lib/gcc/x86_64-linux-gnu/10/../../../x86_64-linux-gnu/libc.a(assert.o)
                0x0000000000402c50                __assert_fail_base
                0x0000000000402db0                __assert_fail
 *fill*         0x0000000000402df2        0xe 
 .text          0x0000000000402e00        0xf /usr/lib/gcc/x86_64-linux-gnu/10/../../../x86_64-linux-gnu/libc.a(dcgettext.o)
                0x0000000000402e00                __dcgettext
                0x0000000000402e00                dcgettext
 *fill*         0x0000000000402e0f        0x1 
 .text          0x0000000000402e10     0x157a /usr/lib/gcc/x86_64-linux-gnu/10/../../../x86_64-linux-gnu/libc.a(dcigettext.o)
                0x0000000000403080                _nl_find_msg
                0x0000000000403ab0                __dcigettext
 *fill*         0x000000000040438a        0x6 
 .text          0x0000000000404390      0x295 /usr/lib/gcc/x86_64-linux-gnu/10/../../../x86_64-linux-gnu/libc.a(finddomain.o)
                0x0000000000404390                _nl_find_domain
 *fill*         0x0000000000404625        0xb 
 .text          0x0000000000404630     0x1675 /usr/lib/gcc/x86_64-linux-gnu/10/../../../x86_64-linux-gnu/libc.a(loadmsgcat.o)
                0x0000000000404630                _nl_load_domain
 *fill*         0x0000000000405ca5        0xb 
 .text          0x0000000000405cb0      0x6ae /usr/lib/gcc/x86_64-linux-gnu/10/../../../x86_64-linux-gnu/libc.a(localealias.o)
                0x0000000000406180                _nl_expand_alias
 *fill*         0x000000000040635e        0x2 
 .text          0x0000000000406360      0x62a /usr/lib/gcc/x86_64-linux-gnu/10/../../../x86_64-linux-gnu/libc.a(l10nflist.o)
                0x0000000000406360                _nl_make_l10nflist
                0x0000000000406870                _nl_normalize_codeset
 *fill*         0x000000000040698a        0x6 
 .text          0x0000000000406990      0x1e0 /usr/lib/gcc/x86_64-linux-gnu/10/../../../x86_64-linux-gnu/libc.a(explodename.o)
                0x0000000000406990                _nl_explode_name
 .text          0x0000000000406b70      0xb07 /usr/lib/gcc/x86_64-linux-gnu/10/../../../x86_64-linux-gnu/libc.a(plural.o)
                0x0000000000406b70                __gettext_free_exp
                0x0000000000406bd0                __gettextparse
 *fill*         0x0000000000407677        0x9 
 .text          0x0000000000407680      0x105 /usr/lib/gcc/x86_64-linux-gnu/10/../../../x86_64-linux-gnu/libc.a(plural-exp.o)
                0x0000000000407680                __gettext_extract_plural
 *fill*         0x0000000000407785        0xb 
 .text          0x0000000000407790       0x4b /usr/lib/gcc/x86_64-linux-gnu/10/../../../x86_64-linux-gnu/libc.a(hash-string.o)
                0x0000000000407790                __hash_string
 *fill*         0x00000000004077db        0x5 
 .text          0x00000000004077e0        0x7 /usr/lib/gcc/x86_64-linux-gnu/10/../../../x86_64-linux-gnu/libc.a(bsd-_setjmp.o)
                0x00000000004077e0                _setjmp
 *fill*         0x00000000004077e7        0x9 
 .text          0x00000000004077f0      0x179 /usr/lib/gcc/x86_64-linux-gnu/10/../../../x86_64-linux-gnu/libc.a(raise.o)
                0x00000000004077f0                gsignal
                0x00000000004077f0                raise
 .text          0x0000000000407969        0x0 /usr/lib/gcc/x86_64-linux-gnu/10/../../../x86_64-linux-gnu/libc.a(abort.o)
 *fill*         0x0000000000407969        0x7 
 .text          0x0000000000407970      0x698 /usr/lib/gcc/x86_64-linux-gnu/10/../../../x86_64-linux-gnu/libc.a(msort.o)
                0x0000000000407cc0                __qsort_r
                0x0000000000407cc0                qsort_r
                0x0000000000408000                qsort
 *fill*         0x0000000000408008        0x8 
 .text          0x0000000000408010       0xd5 /usr/lib/gcc/x86_64-linux-gnu/10/../../../x86_64-linux-gnu/libc.a(getenv.o)
                0x0000000000408010                getenv
 *fill*         0x00000000004080e5        0xb 
 .text          0x00000000004080f0      0x2ca /usr/lib/gcc/x86_64-linux-gnu/10/../../../x86_64-linux-gnu/libc.a(exit.o)
                0x00000000004080f0                __run_exit_handlers
                0x00000000004083a0                exit
 *fill*         0x00000000004083ba        0x6 
 .text          0x00000000004083c0      0x25c /usr/lib/gcc/x86_64-linux-gnu/10/../../../x86_64-linux-gnu/libc.a(cxa_atexit.o)
                0x00000000004083c0                __new_exitfn
                0x00000000004084e0                __internal_atexit
                0x0000000000408610                __cxa_atexit
 *fill*         0x000000000040861c        0x4 
 .text          0x0000000000408620       0x22 /usr/lib/gcc/x86_64-linux-gnu/10/../../../x86_64-linux-gnu/libc.a(strtoul.o)
                0x0000000000408620                __strtoull_internal
                0x0000000000408620                __strtoul_internal
                0x0000000000408630                strtoul
                0x0000000000408630                strtoull
                0x0000000000408630                strtouq
                0x0000000000408630                __strtoul
 *fill*         0x0000000000408642        0xe 
 .text          0x0000000000408650      0x4ba /usr/lib/gcc/x86_64-linux-gnu/10/../../../x86_64-linux-gnu/libc.a(strtoul_l.o)
                0x0000000000408650                ____strtoul_l_internal
                0x0000000000408650                ____strtoull_l_internal
                0x0000000000408b00                __strtoull_l
                0x0000000000408b00                strtoull_l
                0x0000000000408b00                strtoul_l
                0x0000000000408b00                __strtoul_l
 *fill*         0x0000000000408b0a        0x6 
 .text          0x0000000000408b10      0x1fb /usr/lib/gcc/x86_64-linux-gnu/10/../../../x86_64-linux-gnu/libc.a(grouping.o)
                0x0000000000408b10                __correctly_grouped_prefixmb
 *fill*         0x0000000000408d0b        0x5 
 .text          0x0000000000408d10       0xb3 /usr/lib/gcc/x86_64-linux-gnu/10/../../../x86_64-linux-gnu/libc.a(fprintf.o)
                0x0000000000408d10                fprintf
                0x0000000000408d10                _IO_fprintf
                0x0000000000408d10                __fprintf
 *fill*         0x0000000000408dc3        0xd 
 .text          0x0000000000408dd0       0xb3 /usr/lib/gcc/x86_64-linux-gnu/10/../../../x86_64-linux-gnu/libc.a(asprintf.o)
                0x0000000000408dd0                __asprintf
                0x0000000000408dd0                asprintf
                0x0000000000408dd0                ___asprintf
 *fill*         0x0000000000408e83        0xd 
 .text          0x0000000000408e90     0x5e49 /usr/lib/gcc/x86_64-linux-gnu/10/../../../x86_64-linux-gnu/libc.a(vfprintf-internal.o)
                0x000000000040ba90                __vfprintf_internal
 *fill*         0x000000000040ecd9        0x7 
 .text          0x000000000040ece0      0x647 /usr/lib/gcc/x86_64-linux-gnu/10/../../../x86_64-linux-gnu/libc.a(printf-parsemb.o)
                0x000000000040ed60                __parse_one_specmb
 *fill*         0x000000000040f327        0x9 
 .text          0x000000000040f330      0x4e2 /usr/lib/gcc/x86_64-linux-gnu/10/../../../x86_64-linux-gnu/libc.a(fxprintf.o)
                0x000000000040f4b0                __vfxprintf
                0x000000000040f5b0                __fxprintf
                0x000000000040f670                __fxprintf_nocancel
 *fill*         0x000000000040f812        0xe 
 .text          0x000000000040f820      0x284 /usr/lib/gcc/x86_64-linux-gnu/10/../../../x86_64-linux-gnu/libc.a(iofclose.o)
                0x000000000040f820                _IO_fclose
                0x000000000040f820                _IO_new_fclose
                0x000000000040f820                fclose
                0x000000000040f820                __new_fclose
 *fill*         0x000000000040faa4        0xc 
 .text          0x000000000040fab0      0x125 /usr/lib/gcc/x86_64-linux-gnu/10/../../../x86_64-linux-gnu/libc.a(iofflush.o)
                0x000000000040fab0                _IO_fflush
                0x000000000040fab0                fflush
 *fill*         0x000000000040fbd5        0xb 
 .text          0x000000000040fbe0      0x13a /usr/lib/gcc/x86_64-linux-gnu/10/../../../x86_64-linux-gnu/libc.a(iofopen.o)
                0x000000000040fbe0                __fopen_maybe_mmap
                0x000000000040fc20                __fopen_internal
                0x000000000040fd10                _IO_fopen64
                0x000000000040fd10                _IO_new_fopen
                0x000000000040fd10                fopen
                0x000000000040fd10                _IO_fopen
                0x000000000040fd10                __new_fopen
                0x000000000040fd10                fopen64
 *fill*         0x000000000040fd1a        0x6 
 .text          0x000000000040fd20      0x135 /usr/lib/gcc/x86_64-linux-gnu/10/../../../x86_64-linux-gnu/libc.a(iopadn.o)
                0x000000000040fd20                _IO_padn
 *fill*         0x000000000040fe55        0xb 
 .text          0x000000000040fe60      0x1d8 /usr/lib/gcc/x86_64-linux-gnu/10/../../../x86_64-linux-gnu/libc.a(ioputs.o)
                0x000000000040fe60                puts
                0x000000000040fe60                _IO_puts
 *fill*         0x0000000000410038        0x8 
 .text          0x0000000000410040     0x19c6 /usr/lib/gcc/x86_64-linux-gnu/10/../../../x86_64-linux-gnu/libc.a(wfileops.o)
                0x0000000000410040                _IO_wfile_underflow
                0x00000000004107c0                _IO_wfile_seekoff
                0x0000000000411230                _IO_wdo_write
                0x0000000000411430                _IO_wfile_overflow
                0x0000000000411700                _IO_wfile_sync
                0x0000000000411890                _IO_wfile_xsputn
 *fill*         0x0000000000411a06        0xa 
 .text          0x0000000000411a10      0x426 /usr/lib/gcc/x86_64-linux-gnu/10/../../../x86_64-linux-gnu/libc.a(iofwide.o)
                0x0000000000411a10                _IO_fwide
                0x0000000000411b80                __libio_codecvt_out
                0x0000000000411c70                __libio_codecvt_in
                0x0000000000411d60                __libio_codecvt_encoding
                0x0000000000411d80                __libio_codecvt_length
 *fill*         0x0000000000411e36        0xa 
 .text          0x0000000000411e40      0x138 /usr/lib/gcc/x86_64-linux-gnu/10/../../../x86_64-linux-gnu/libc.a(getc.o)
                0x0000000000411e40                getc
                0x0000000000411e40                _IO_getc
                0x0000000000411e40                fgetc
 *fill*         0x0000000000411f78        0x8 
 .text          0x0000000000411f80      0x197 /usr/lib/gcc/x86_64-linux-gnu/10/../../../x86_64-linux-gnu/libc.a(vasprintf.o)
                0x0000000000411f80                __vasprintf_internal
                0x0000000000412110                __vasprintf
                0x0000000000412110                vasprintf
 *fill*         0x0000000000412117        0x9 
 .text          0x0000000000412120      0x284 /usr/lib/gcc/x86_64-linux-gnu/10/../../../x86_64-linux-gnu/libc.a(libc_fatal.o)
                0x0000000000412120                __libc_message
                0x0000000000412380                __libc_fatal
 *fill*         0x00000000004123a4        0xc 
 .text          0x00000000004123b0       0x18 /usr/lib/gcc/x86_64-linux-gnu/10/../../../x86_64-linux-gnu/libc.a(vtables.o)
                0x00000000004123b0                _IO_vtable_check
 *fill*         0x00000000004123c8        0x8 
 .text          0x00000000004123d0       0x98 /usr/lib/gcc/x86_64-linux-gnu/10/../../../x86_64-linux-gnu/libc.a(iofgets_u.o)
                0x00000000004123d0                __fgets_unlocked
                0x00000000004123d0                fgets_unlocked
 *fill*         0x0000000000412468        0x8 
 .text          0x0000000000412470     0x24a1 /usr/lib/gcc/x86_64-linux-gnu/10/../../../x86_64-linux-gnu/libc.a(fileops.o)
                0x00000000004124e0                _IO_file_close
                0x00000000004124f0                _IO_file_setbuf
                0x00000000004124f0                _IO_new_file_setbuf
                0x0000000000412680                _IO_file_underflow
                0x0000000000412680                _IO_new_file_underflow
                0x00000000004129a0                _IO_file_close_mmap
                0x0000000000412c30                _IO_file_seek
                0x0000000000412e40                _IO_file_underflow_maybe_mmap
                0x0000000000412f00                _IO_file_seekoff
                0x0000000000412f00                _IO_new_file_seekoff
                0x00000000004134f0                _IO_file_stat
                0x0000000000413500                _IO_file_write
                0x0000000000413500                _IO_new_file_write
                0x00000000004136a0                _IO_file_xsgetn
                0x00000000004138d0                _IO_file_seekoff_mmap
                0x0000000000413a00                _IO_file_underflow_mmap
                0x0000000000413a90                _IO_new_file_xsputn
                0x0000000000413a90                _IO_file_xsputn
                0x0000000000413c70                _IO_file_read
                0x0000000000413c90                _IO_file_setbuf_mmap
                0x0000000000413d10                _IO_new_file_init_internal
                0x0000000000413d40                _IO_new_file_init
                0x0000000000413d40                _IO_file_init
                0x0000000000413d70                _IO_file_open
                0x0000000000413e60                _IO_new_file_attach
                0x0000000000413e60                _IO_file_attach
                0x0000000000413f10                _IO_new_do_write
                0x0000000000413f10                _IO_do_write
                0x0000000000413f40                _IO_new_file_close_it
                0x0000000000413f40                _IO_file_close_it
                0x00000000004140e0                _IO_new_file_fopen
                0x00000000004140e0                _IO_file_fopen
                0x0000000000414580                _IO_file_finish
                0x0000000000414580                _IO_new_file_finish
                0x0000000000414620                _IO_file_overflow
                0x0000000000414620                _IO_new_file_overflow
                0x0000000000414830                _IO_file_sync
                0x0000000000414830                _IO_new_file_sync
 *fill*         0x0000000000414911        0xf 
 .text          0x0000000000414920     0x26b7 /usr/lib/gcc/x86_64-linux-gnu/10/../../../x86_64-linux-gnu/libc.a(genops.o)
                0x0000000000414ec0                _IO_un_link
                0x0000000000414ee0                _IO_link_in
                0x0000000000415190                _IO_least_marker
                0x00000000004151c0                _IO_switch_to_main_get_area
                0x00000000004151f0                _IO_switch_to_backup_area
                0x0000000000415220                _IO_switch_to_get_mode
                0x00000000004152c0                _IO_free_backup_area
                0x0000000000415310                __overflow
                0x0000000000415380                __underflow
                0x00000000004154f0                __uflow
                0x0000000000415660                _IO_setb
                0x00000000004156c0                _IO_doallocbuf
                0x0000000000415780                _IO_default_underflow
                0x0000000000415790                _IO_default_uflow
                0x00000000004157f0                _IO_default_xsputn
                0x0000000000415900                _IO_sgetn
                0x0000000000415970                _IO_default_xsgetn
                0x0000000000415a20                _IO_default_setbuf
                0x0000000000415b20                _IO_default_seekpos
                0x0000000000415b90                _IO_default_doallocate
                0x0000000000415c00                _IO_init_internal
                0x0000000000415cd0                _IO_init
                0x0000000000415da0                _IO_enable_locks
                0x0000000000415de0                _IO_old_init
                0x0000000000415e90                _IO_no_init
                0x0000000000415fe0                _IO_default_sync
                0x0000000000415ff0                _IO_default_finish
                0x0000000000416070                _IO_default_seekoff
                0x0000000000416080                _IO_sputbackc
                0x0000000000416100                _IO_sungetc
                0x0000000000416180                _IO_adjust_column
                0x00000000004161b0                _IO_flush_all_lockp
                0x00000000004164b0                _IO_cleanup
                0x0000000000416820                _IO_flush_all
                0x0000000000416830                _IO_flush_all_linebuffered
                0x0000000000416830                _flushlbf
                0x0000000000416b00                _IO_init_marker
                0x0000000000416b60                _IO_remove_marker
                0x0000000000416ba0                _IO_marker_difference
                0x0000000000416bb0                _IO_marker_delta
                0x0000000000416be0                _IO_seekmark
                0x0000000000416c80                _IO_unsave_markers
                0x0000000000416ce0                _IO_default_pbackfail
                0x0000000000416e60                _IO_default_seek
                0x0000000000416e70                _IO_default_stat
                0x0000000000416e80                _IO_default_read
                0x0000000000416e90                _IO_default_write
                0x0000000000416ea0                _IO_default_showmanyc
                0x0000000000416eb0                _IO_default_imbue
                0x0000000000416ec0                _IO_iter_begin
                0x0000000000416ed0                _IO_iter_end
                0x0000000000416ee0                _IO_iter_next
                0x0000000000416ef0                _IO_iter_file
                0x0000000000416f00                _IO_list_lock
                0x0000000000416f60                _IO_list_unlock
                0x0000000000416fc0                _IO_list_resetlock
 .text          0x0000000000416fd7        0x0 /usr/lib/gcc/x86_64-linux-gnu/10/../../../x86_64-linux-gnu/libc.a(stdfiles.o)
 .text          0x0000000000416fd7        0x0 /usr/lib/gcc/x86_64-linux-gnu/10/../../../x86_64-linux-gnu/libc.a(stdio.o)
 *fill*         0x0000000000416fd7        0x9 
 .text          0x0000000000416fe0      0x882 /usr/lib/gcc/x86_64-linux-gnu/10/../../../x86_64-linux-gnu/libc.a(strops.o)
                0x0000000000416fe0                _IO_str_underflow
                0x0000000000417040                _IO_str_overflow
                0x00000000004173a0                _IO_str_seekoff
                0x0000000000417630                _IO_str_pbackfail
                0x0000000000417650                _IO_str_finish
                0x0000000000417690                _IO_str_init_static_internal
                0x0000000000417730                _IO_str_init_static
                0x00000000004177d0                _IO_str_init_readonly
                0x0000000000417850                _IO_str_count
 *fill*         0x0000000000417862        0xe 
 .text          0x0000000000417870       0x44 /usr/lib/gcc/x86_64-linux-gnu/10/../../../x86_64-linux-gnu/libc.a(alloca_cutoff.o)
                0x0000000000417870                __libc_alloca_cutoff
 *fill*         0x00000000004178b4        0xc 
 .text          0x00000000004178c0       0x31 /usr/lib/gcc/x86_64-linux-gnu/10/../../../x86_64-linux-gnu/libc.a(libc-lowlevellock.o)
                0x00000000004178c0                __lll_lock_wait_private
 *fill*         0x00000000004178f1        0xf 
 .text          0x0000000000417900     0x6457 /usr/lib/gcc/x86_64-linux-gnu/10/../../../x86_64-linux-gnu/libc.a(malloc.o)
                0x0000000000417900                _dl_tunable_set_mmap_threshold
                0x0000000000417930                _dl_tunable_set_mmaps_max
                0x0000000000417950                _dl_tunable_set_top_pad
                0x0000000000417970                _dl_tunable_set_perturb_byte
                0x0000000000417980                _dl_tunable_set_trim_threshold
                0x00000000004179a0                _dl_tunable_set_arena_max
                0x00000000004179b0                _dl_tunable_set_arena_test
                0x00000000004179c0                _dl_tunable_set_tcache_max
                0x0000000000417a00                _dl_tunable_set_tcache_count
                0x0000000000417a20                _dl_tunable_set_tcache_unsorted_limit
                0x0000000000417a30                _dl_tunable_set_mxfast
                0x0000000000418460                _dl_tunable_set_mallopt_check
                0x000000000041c150                __malloc_fork_lock_parent
                0x000000000041c1f0                __malloc_fork_unlock_parent
                0x000000000041c2a0                __malloc_fork_unlock_child
                0x000000000041c340                __malloc_check_init
                0x000000000041c390                malloc
                0x000000000041c390                __malloc
                0x000000000041c390                __libc_malloc
                0x000000000041c9b0                __free
                0x000000000041c9b0                __libc_free
                0x000000000041c9b0                free
                0x000000000041ca90                __malloc_arena_thread_freeres
                0x000000000041cbe0                __libc_realloc
                0x000000000041cbe0                realloc
                0x000000000041cbe0                __realloc
                0x000000000041cf90                __libc_memalign
                0x000000000041cf90                __memalign
                0x000000000041cf90                memalign
                0x000000000041cf90                aligned_alloc
                0x000000000041cfa0                __libc_valloc
                0x000000000041cfa0                valloc
                0x000000000041cfa0                __valloc
                0x000000000041cfd0                pvalloc
                0x000000000041cfd0                __libc_pvalloc
                0x000000000041cfd0                __pvalloc
                0x000000000041d030                __calloc
                0x000000000041d030                calloc
                0x000000000041d030                __libc_calloc
                0x000000000041d3c0                __malloc_trim
                0x000000000041d3c0                malloc_trim
                0x000000000041d690                malloc_usable_size
                0x000000000041d690                __malloc_usable_size
                0x000000000041d750                __mallinfo
                0x000000000041d750                __libc_mallinfo
                0x000000000041d750                mallinfo
                0x000000000041d880                malloc_stats
                0x000000000041d880                __malloc_stats
                0x000000000041dac0                __libc_mallopt
                0x000000000041dac0                mallopt
                0x000000000041dac0                __mallopt
                0x000000000041dcc0                __posix_memalign
                0x000000000041dcc0                posix_memalign
                0x000000000041dd20                __malloc_info
                0x000000000041dd20                malloc_info
 *fill*         0x000000000041dd57        0x9 
 .text          0x000000000041dd60       0x1b /usr/lib/gcc/x86_64-linux-gnu/10/../../../x86_64-linux-gnu/libc.a(morecore.o)
                0x000000000041dd60                __default_morecore
 *fill*         0x000000000041dd7b        0x5 
 .text          0x000000000041dd80       0xa1 /usr/lib/gcc/x86_64-linux-gnu/10/../../../x86_64-linux-gnu/libc.a(scratch_buffer_grow_preserve.o)
                0x000000000041dd80                __libc_scratch_buffer_grow_preserve
 *fill*         0x000000000041de21        0xf 
 .text          0x000000000041de30       0xae /usr/lib/gcc/x86_64-linux-gnu/10/../../../x86_64-linux-gnu/libc.a(scratch_buffer_set_array_size.o)
                0x000000000041de30                __libc_scratch_buffer_set_array_size
 *fill*         0x000000000041dede        0x2 
 .text          0x000000000041dee0       0x41 /usr/lib/gcc/x86_64-linux-gnu/10/../../../x86_64-linux-gnu/libc.a(strchr.o)
                0x000000000041dee0                index
                0x000000000041dee0                strchr
 *fill*         0x000000000041df21        0xf 
 .text          0x000000000041df30       0x51 /usr/lib/gcc/x86_64-linux-gnu/10/../../../x86_64-linux-gnu/libc.a(strcmp.o)
                0x000000000041df30                strcmp
 *fill*         0x000000000041df81        0xf 
 .text          0x000000000041df90       0x51 /usr/lib/gcc/x86_64-linux-gnu/10/../../../x86_64-linux-gnu/libc.a(strcpy.o)
                0x000000000041df90                strcpy
 *fill*         0x000000000041dfe1        0xf 
 .text          0x000000000041dff0       0x1a /usr/lib/gcc/x86_64-linux-gnu/10/../../../x86_64-linux-gnu/libc.a(strcspn.o)
                0x000000000041dff0                strcspn
 *fill*         0x000000000041e00a        0x6 
 .text          0x000000000041e010       0x3c /usr/lib/gcc/x86_64-linux-gnu/10/../../../x86_64-linux-gnu/libc.a(strdup.o)
                0x000000000041e010                __strdup
                0x000000000041e010                strdup
 *fill*         0x000000000041e04c        0x4 
 .text          0x000000000041e050      0x1b6 /usr/lib/gcc/x86_64-linux-gnu/10/../../../x86_64-linux-gnu/libc.a(_strerror.o)
                0x000000000041e050                __strerror_r
                0x000000000041e050                strerror_r
 *fill*         0x000000000041e206        0xa 
 .text          0x000000000041e210       0x31 /usr/lib/gcc/x86_64-linux-gnu/10/../../../x86_64-linux-gnu/libc.a(strlen.o)
                0x000000000041e210                strlen
 *fill*         0x000000000041e241        0xf 
 .text          0x000000000041e250       0x31 /usr/lib/gcc/x86_64-linux-gnu/10/../../../x86_64-linux-gnu/libc.a(strnlen.o)
                0x000000000041e250                __strnlen
                0x000000000041e250                strnlen
 *fill*         0x000000000041e281        0xf 
 .text          0x000000000041e290       0x5b /usr/lib/gcc/x86_64-linux-gnu/10/../../../x86_64-linux-gnu/libc.a(strncmp.o)
                0x000000000041e290                strncmp
 *fill*         0x000000000041e2eb        0x5 
 .text          0x000000000041e2f0      0x78a /usr/lib/gcc/x86_64-linux-gnu/10/../../../x86_64-linux-gnu/libc.a(strstr.o)
                0x000000000041e770                __strstr_sse2
                0x000000000041ea60                strstr
                0x000000000041ea60                __libc_strstr
 *fill*         0x000000000041ea7a        0x6 
 .text          0x000000000041ea80       0x61 /usr/lib/gcc/x86_64-linux-gnu/10/../../../x86_64-linux-gnu/libc.a(memcmp.o)
                0x000000000041ea80                bcmp
                0x000000000041ea80                memcmp
 *fill*         0x000000000041eae1        0xf 
 .text          0x000000000041eaf0       0xc2 /usr/lib/gcc/x86_64-linux-gnu/10/../../../x86_64-linux-gnu/libc.a(memmove.o)
                0x000000000041eaf0                memmove
                0x000000000041eaf0                __libc_memmove
 *fill*         0x000000000041ebb2        0xe 
 .text          0x000000000041ebc0       0x96 /usr/lib/gcc/x86_64-linux-gnu/10/../../../x86_64-linux-gnu/libc.a(memset.o)
                0x000000000041ebc0                memset
 *fill*         0x000000000041ec56        0xa 
 .text          0x000000000041ec60       0xc2 /usr/lib/gcc/x86_64-linux-gnu/10/../../../x86_64-linux-gnu/libc.a(mempcpy.o)
                0x000000000041ec60                mempcpy
                0x000000000041ec60                __mempcpy
 *fill*         0x000000000041ed22        0xe 
 .text          0x000000000041ed30       0x51 /usr/lib/gcc/x86_64-linux-gnu/10/../../../x86_64-linux-gnu/libc.a(stpcpy.o)
                0x000000000041ed30                stpcpy
                0x000000000041ed30                __stpcpy
 *fill*         0x000000000041ed81        0xf 
 .text          0x000000000041ed90       0x44 /usr/lib/gcc/x86_64-linux-gnu/10/../../../x86_64-linux-gnu/libc.a(strcasecmp_l.o)
                0x000000000041ed90                strcasecmp_l
                0x000000000041ed90                __strcasecmp_l
 *fill*         0x000000000041edd4        0xc 
 .text          0x000000000041ede0       0xc2 /usr/lib/gcc/x86_64-linux-gnu/10/../../../x86_64-linux-gnu/libc.a(memcpy.o)
                0x000000000041ede0                memcpy
                0x000000000041ede0                __new_memcpy
 *fill*         0x000000000041eea2        0xe 
 .text          0x000000000041eeb0       0x31 /usr/lib/gcc/x86_64-linux-gnu/10/../../../x86_64-linux-gnu/libc.a(rawmemchr.o)
                0x000000000041eeb0                __rawmemchr
                0x000000000041eeb0                rawmemchr
 *fill*         0x000000000041eee1        0xf 
 .text          0x000000000041eef0       0x31 /usr/lib/gcc/x86_64-linux-gnu/10/../../../x86_64-linux-gnu/libc.a(strchrnul.o)
                0x000000000041eef0                __strchrnul
                0x000000000041eef0                strchrnul
 *fill*         0x000000000041ef21        0xf 
 .text          0x000000000041ef30     0x1439 /usr/lib/gcc/x86_64-linux-gnu/10/../../../x86_64-linux-gnu/libc.a(strcmp-sse2.o)
                0x000000000041ef30                __strcmp_sse2
 *fill*         0x0000000000420369        0x7 
 .text          0x0000000000420370      0x2a3 /usr/lib/gcc/x86_64-linux-gnu/10/../../../x86_64-linux-gnu/libc.a(strcmp-sse2-unaligned.o)
                0x0000000000420370                __strcmp_sse2_unaligned
 .text          0x0000000000420613        0x0 /usr/lib/gcc/x86_64-linux-gnu/10/../../../x86_64-linux-gnu/libc.a(strcmp-ssse3.o)
 *fill*         0x0000000000420613        0xd 
 .text.ssse3    0x0000000000420620     0x1259 /usr/lib/gcc/x86_64-linux-gnu/10/../../../x86_64-linux-gnu/libc.a(strcmp-ssse3.o)
                0x0000000000420620                __strcmp_ssse3
 .text          0x0000000000421879        0x0 /usr/lib/gcc/x86_64-linux-gnu/10/../../../x86_64-linux-gnu/libc.a(strcmp-avx2.o)
 *fill*         0x0000000000421879        0x7 
 .text.avx      0x0000000000421880      0x43f /usr/lib/gcc/x86_64-linux-gnu/10/../../../x86_64-linux-gnu/libc.a(strcmp-avx2.o)
                0x0000000000421880                __strcmp_avx2
 *fill*         0x0000000000421cbf        0x1 
 .text          0x0000000000421cc0     0x1849 /usr/lib/gcc/x86_64-linux-gnu/10/../../../x86_64-linux-gnu/libc.a(strncmp-sse2.o)
                0x0000000000421cc0                __strncmp_sse2
 .text          0x0000000000423509        0x0 /usr/lib/gcc/x86_64-linux-gnu/10/../../../x86_64-linux-gnu/libc.a(strncmp-ssse3.o)
 *fill*         0x0000000000423509        0x7 
 .text.ssse3    0x0000000000423510     0x1759 /usr/lib/gcc/x86_64-linux-gnu/10/../../../x86_64-linux-gnu/libc.a(strncmp-ssse3.o)
                0x0000000000423510                __strncmp_ssse3
 .text          0x0000000000424c69        0x0 /usr/lib/gcc/x86_64-linux-gnu/10/../../../x86_64-linux-gnu/libc.a(strncmp-sse4_2.o)
 *fill*         0x0000000000424c69        0x7 
 .text.sse4.2   0x0000000000424c70      0xfd9 /usr/lib/gcc/x86_64-linux-gnu/10/../../../x86_64-linux-gnu/libc.a(strncmp-sse4_2.o)
                0x0000000000424c70                __strncmp_sse42
 .text          0x0000000000425c49        0x0 /usr/lib/gcc/x86_64-linux-gnu/10/../../../x86_64-linux-gnu/libc.a(strncmp-avx2.o)
 *fill*         0x0000000000425c49        0x7 
 .text.avx      0x0000000000425c50      0x518 /usr/lib/gcc/x86_64-linux-gnu/10/../../../x86_64-linux-gnu/libc.a(strncmp-avx2.o)
                0x0000000000425c50                __strncmp_avx2
 *fill*         0x0000000000426168        0x8 
 .text          0x0000000000426170      0x1f9 /usr/lib/gcc/x86_64-linux-gnu/10/../../../x86_64-linux-gnu/libc.a(rawmemchr-sse2.o)
                0x0000000000426170                __rawmemchr_sse2
 .text          0x0000000000426369        0x0 /usr/lib/gcc/x86_64-linux-gnu/10/../../../x86_64-linux-gnu/libc.a(rawmemchr-avx2.o)
 *fill*         0x0000000000426369        0x7 
 .text.avx      0x0000000000426370      0x13d /usr/lib/gcc/x86_64-linux-gnu/10/../../../x86_64-linux-gnu/libc.a(rawmemchr-avx2.o)
                0x0000000000426370                __rawmemchr_avx2
 *fill*         0x00000000004264ad        0x3 
 .text          0x00000000004264b0      0x400 /usr/lib/gcc/x86_64-linux-gnu/10/../../../x86_64-linux-gnu/libc.a(memcmp-sse2.o)
                0x00000000004264b0                __memcmp_sse2
 .text          0x00000000004268b0        0x0 /usr/lib/gcc/x86_64-linux-gnu/10/../../../x86_64-linux-gnu/libc.a(memcmp-avx2-movbe.o)
 .text.avx      0x00000000004268b0      0x3d4 /usr/lib/gcc/x86_64-linux-gnu/10/../../../x86_64-linux-gnu/libc.a(memcmp-avx2-movbe.o)
                0x00000000004268b0                __memcmp_avx2_movbe
 .text          0x0000000000426c84        0x0 /usr/lib/gcc/x86_64-linux-gnu/10/../../../x86_64-linux-gnu/libc.a(memcmp-sse4.o)
 *fill*         0x0000000000426c84        0xc 
 .text.sse4.1   0x0000000000426c90     0x163e /usr/lib/gcc/x86_64-linux-gnu/10/../../../x86_64-linux-gnu/libc.a(memcmp-sse4.o)
                0x0000000000426c90                __memcmp_sse4_1
 .text          0x00000000004282ce        0x0 /usr/lib/gcc/x86_64-linux-gnu/10/../../../x86_64-linux-gnu/libc.a(memcpy-ssse3.o)
 *fill*         0x00000000004282ce        0x2 
 .text.ssse3    0x00000000004282d0     0x29e6 /usr/lib/gcc/x86_64-linux-gnu/10/../../../x86_64-linux-gnu/libc.a(memcpy-ssse3.o)
                0x00000000004282d0                __mempcpy_chk_ssse3
                0x00000000004282e0                __mempcpy_ssse3
                0x00000000004282f0                __memcpy_chk_ssse3
                0x0000000000428300                __memcpy_ssse3
 .text          0x000000000042acb6        0x0 /usr/lib/gcc/x86_64-linux-gnu/10/../../../x86_64-linux-gnu/libc.a(memmove-ssse3.o)
 *fill*         0x000000000042acb6        0xa 
 .text.ssse3    0x000000000042acc0     0x2b77 /usr/lib/gcc/x86_64-linux-gnu/10/../../../x86_64-linux-gnu/libc.a(memmove-ssse3.o)
                0x000000000042acc0                __memmove_chk_ssse3
                0x000000000042acd0                __memmove_ssse3
 .text          0x000000000042d837        0x0 /usr/lib/gcc/x86_64-linux-gnu/10/../../../x86_64-linux-gnu/libc.a(memcpy-ssse3-back.o)
 *fill*         0x000000000042d837        0x9 
 .text.ssse3    0x000000000042d840     0x2ae6 /usr/lib/gcc/x86_64-linux-gnu/10/../../../x86_64-linux-gnu/libc.a(memcpy-ssse3-back.o)
                0x000000000042d840                __mempcpy_chk_ssse3_back
                0x000000000042d850                __mempcpy_ssse3_back
                0x000000000042d860                __memcpy_chk_ssse3_back
                0x000000000042d870                __memcpy_ssse3_back
 .text          0x0000000000430326        0x0 /usr/lib/gcc/x86_64-linux-gnu/10/../../../x86_64-linux-gnu/libc.a(memmove-ssse3-back.o)
 *fill*         0x0000000000430326        0xa 
 .text.ssse3    0x0000000000430330     0x2b16 /usr/lib/gcc/x86_64-linux-gnu/10/../../../x86_64-linux-gnu/libc.a(memmove-ssse3-back.o)
                0x0000000000430330                __memmove_chk_ssse3_back
                0x0000000000430340                __memmove_ssse3_back
 .text          0x0000000000432e46        0x0 /usr/lib/gcc/x86_64-linux-gnu/10/../../../x86_64-linux-gnu/libc.a(memmove-avx512-no-vzeroupper.o)
 *fill*         0x0000000000432e46        0xa 
 .text.avx512   0x0000000000432e50      0x76b /usr/lib/gcc/x86_64-linux-gnu/10/../../../x86_64-linux-gnu/libc.a(memmove-avx512-no-vzeroupper.o)
                0x0000000000432e50                __mempcpy_chk_avx512_no_vzeroupper
                0x0000000000432e60                __mempcpy_avx512_no_vzeroupper
                0x0000000000432e70                __memcpy_chk_avx512_no_vzeroupper
                0x0000000000432e70                __memmove_chk_avx512_no_vzeroupper
                0x0000000000432e80                __memcpy_avx512_no_vzeroupper
                0x0000000000432e80                __memmove_avx512_no_vzeroupper
 *fill*         0x00000000004335bb        0x5 
 .text          0x00000000004335c0     0x2236 /usr/lib/gcc/x86_64-linux-gnu/10/../../../x86_64-linux-gnu/libc.a(strcasecmp_l-sse2.o)
                0x00000000004335c0                __strcasecmp_sse2
                0x00000000004335d0                __strcasecmp_l_sse2
 .text          0x00000000004357f6        0x0 /usr/lib/gcc/x86_64-linux-gnu/10/../../../x86_64-linux-gnu/libc.a(strcasecmp_l-ssse3.o)
 *fill*         0x00000000004357f6        0xa 
 .text.ssse3    0x0000000000435800     0x2146 /usr/lib/gcc/x86_64-linux-gnu/10/../../../x86_64-linux-gnu/libc.a(strcasecmp_l-ssse3.o)
                0x0000000000435800                __strcasecmp_ssse3
                0x0000000000435810                __strcasecmp_l_ssse3
 .text          0x0000000000437946        0x0 /usr/lib/gcc/x86_64-linux-gnu/10/../../../x86_64-linux-gnu/libc.a(strcasecmp_l-sse4_2.o)
 *fill*         0x0000000000437946        0xa 
 .text.sse4.2   0x0000000000437950     0x1ba6 /usr/lib/gcc/x86_64-linux-gnu/10/../../../x86_64-linux-gnu/libc.a(strcasecmp_l-sse4_2.o)
                0x0000000000437950                __strcasecmp_sse42
                0x0000000000437960                __strcasecmp_l_sse42
 .text          0x00000000004394f6        0x0 /usr/lib/gcc/x86_64-linux-gnu/10/../../../x86_64-linux-gnu/libc.a(strcasecmp_l-avx.o)
 *fill*         0x00000000004394f6        0xa 
 .text.avx      0x0000000000439500     0x1666 /usr/lib/gcc/x86_64-linux-gnu/10/../../../x86_64-linux-gnu/libc.a(strcasecmp_l-avx.o)
                0x0000000000439500                __strcasecmp_avx
                0x0000000000439510                __strcasecmp_l_avx
 *fill*         0x000000000043ab66        0xa 
 .text          0x000000000043ab70      0x21a /usr/lib/gcc/x86_64-linux-gnu/10/../../../x86_64-linux-gnu/libc.a(strchr-sse2.o)
                0x000000000043ab70                __strchr_sse2
 *fill*         0x000000000043ad8a        0x6 
 .text          0x000000000043ad90      0x20a /usr/lib/gcc/x86_64-linux-gnu/10/../../../x86_64-linux-gnu/libc.a(strchrnul-sse2.o)
                0x000000000043ad90                __strchrnul_sse2
 .text          0x000000000043af9a        0x0 /usr/lib/gcc/x86_64-linux-gnu/10/../../../x86_64-linux-gnu/libc.a(strchr-avx2.o)
 *fill*         0x000000000043af9a        0x6 
 .text.avx      0x000000000043afa0      0x224 /usr/lib/gcc/x86_64-linux-gnu/10/../../../x86_64-linux-gnu/libc.a(strchr-avx2.o)
                0x000000000043afa0                __strchr_avx2
 .text          0x000000000043b1c4        0x0 /usr/lib/gcc/x86_64-linux-gnu/10/../../../x86_64-linux-gnu/libc.a(strchrnul-avx2.o)
 *fill*         0x000000000043b1c4        0xc 
 .text.avx      0x000000000043b1d0      0x1ed /usr/lib/gcc/x86_64-linux-gnu/10/../../../x86_64-linux-gnu/libc.a(strchrnul-avx2.o)
                0x000000000043b1d0                __strchrnul_avx2
 *fill*         0x000000000043b3bd        0x3 
 .text          0x000000000043b3c0      0x19c /usr/lib/gcc/x86_64-linux-gnu/10/../../../x86_64-linux-gnu/libc.a(strlen-sse2.o)
                0x000000000043b3c0                __strlen_sse2
 *fill*         0x000000000043b55c        0x4 
 .text          0x000000000043b560      0x218 /usr/lib/gcc/x86_64-linux-gnu/10/../../../x86_64-linux-gnu/libc.a(strnlen-sse2.o)
                0x000000000043b560                __strnlen_sse2
 .text          0x000000000043b778        0x0 /usr/lib/gcc/x86_64-linux-gnu/10/../../../x86_64-linux-gnu/libc.a(strlen-avx2.o)
 *fill*         0x000000000043b778        0x8 
 .text.avx      0x000000000043b780      0x18e /usr/lib/gcc/x86_64-linux-gnu/10/../../../x86_64-linux-gnu/libc.a(strlen-avx2.o)
                0x000000000043b780                __strlen_avx2
 .text          0x000000000043b90e        0x0 /usr/lib/gcc/x86_64-linux-gnu/10/../../../x86_64-linux-gnu/libc.a(strnlen-avx2.o)
 *fill*         0x000000000043b90e        0x2 
 .text.avx      0x000000000043b910      0x31e /usr/lib/gcc/x86_64-linux-gnu/10/../../../x86_64-linux-gnu/libc.a(strnlen-avx2.o)
                0x000000000043b910                __strnlen_avx2
 .text          0x000000000043bc2e        0x0 /usr/lib/gcc/x86_64-linux-gnu/10/../../../x86_64-linux-gnu/libc.a(strcpy-avx2.o)
 *fill*         0x000000000043bc2e        0x2 
 .text.avx      0x000000000043bc30      0x388 /usr/lib/gcc/x86_64-linux-gnu/10/../../../x86_64-linux-gnu/libc.a(strcpy-avx2.o)
                0x000000000043bc30                __strcpy_avx2
 *fill*         0x000000000043bfb8        0x8 
 .text          0x000000000043bfc0       0xdc /usr/lib/gcc/x86_64-linux-gnu/10/../../../x86_64-linux-gnu/libc.a(strcpy-sse2.o)
                0x000000000043bfc0                __strcpy_sse2
 *fill*         0x000000000043c09c        0x4 
 .text          0x000000000043c0a0       0xdc /usr/lib/gcc/x86_64-linux-gnu/10/../../../x86_64-linux-gnu/libc.a(stpcpy-sse2.o)
                0x000000000043c0a0                __stpcpy_sse2
 .text          0x000000000043c17c        0x0 /usr/lib/gcc/x86_64-linux-gnu/10/../../../x86_64-linux-gnu/libc.a(strcpy-ssse3.o)
 *fill*         0x000000000043c17c        0x4 
 .text.ssse3    0x000000000043c180     0x17a2 /usr/lib/gcc/x86_64-linux-gnu/10/../../../x86_64-linux-gnu/libc.a(strcpy-ssse3.o)
                0x000000000043c180                __strcpy_ssse3
 .text          0x000000000043d922        0x0 /usr/lib/gcc/x86_64-linux-gnu/10/../../../x86_64-linux-gnu/libc.a(stpcpy-ssse3.o)
 *fill*         0x000000000043d922        0xe 
 .text.ssse3    0x000000000043d930     0x1803 /usr/lib/gcc/x86_64-linux-gnu/10/../../../x86_64-linux-gnu/libc.a(stpcpy-ssse3.o)
                0x000000000043d930                __stpcpy_ssse3
 *fill*         0x000000000043f133        0xd 
 .text          0x000000000043f140      0x630 /usr/lib/gcc/x86_64-linux-gnu/10/../../../x86_64-linux-gnu/libc.a(strcpy-sse2-unaligned.o)
                0x000000000043f140                __strcpy_sse2_unaligned
 .text          0x000000000043f770      0x6b0 /usr/lib/gcc/x86_64-linux-gnu/10/../../../x86_64-linux-gnu/libc.a(stpcpy-sse2-unaligned.o)
                0x000000000043f770                __stpcpy_sse2_unaligned
 .text          0x000000000043fe20        0x0 /usr/lib/gcc/x86_64-linux-gnu/10/../../../x86_64-linux-gnu/libc.a(stpcpy-avx2.o)
 .text.avx      0x000000000043fe20      0x3ac /usr/lib/gcc/x86_64-linux-gnu/10/../../../x86_64-linux-gnu/libc.a(stpcpy-avx2.o)
                0x000000000043fe20                __stpcpy_avx2
 .text          0x00000000004401cc        0x0 /usr/lib/gcc/x86_64-linux-gnu/10/../../../x86_64-linux-gnu/libc.a(strchr-sse2-no-bsf.o)
 *fill*         0x00000000004401cc        0x4 
 .text.atom     0x00000000004401d0      0x315 /usr/lib/gcc/x86_64-linux-gnu/10/../../../x86_64-linux-gnu/libc.a(strchr-sse2-no-bsf.o)
                0x00000000004401d0                __strchr_sse2_no_bsf
 .text          0x00000000004404e5        0x0 /usr/lib/gcc/x86_64-linux-gnu/10/../../../x86_64-linux-gnu/libc.a(memcmp-ssse3.o)
 *fill*         0x00000000004404e5        0xb 
 .text.atom     0x00000000004404f0     0x1763 /usr/lib/gcc/x86_64-linux-gnu/10/../../../x86_64-linux-gnu/libc.a(memcmp-ssse3.o)
                0x00000000004404f0                __memcmp_ssse3
 *fill*         0x0000000000441c53        0xd 
 .text          0x0000000000441c60      0x493 /usr/lib/gcc/x86_64-linux-gnu/10/../../../x86_64-linux-gnu/libc.a(strstr-sse2-unaligned.o)
                0x0000000000441c60                __strstr_sse2_unaligned
 *fill*         0x00000000004420f3        0xd 
 .text          0x0000000000442100       0x97 /usr/lib/gcc/x86_64-linux-gnu/10/../../../x86_64-linux-gnu/libc.a(strcspn-sse2.o)
                0x0000000000442100                __strcspn_sse2
 .text          0x0000000000442197        0x0 /usr/lib/gcc/x86_64-linux-gnu/10/../../../x86_64-linux-gnu/libc.a(strcspn-c.o)
 *fill*         0x0000000000442197        0x9 
 .text.sse4.2   0x00000000004421a0      0x12f /usr/lib/gcc/x86_64-linux-gnu/10/../../../x86_64-linux-gnu/libc.a(strcspn-c.o)
                0x00000000004421a0                __strcspn_sse42
 .text          0x00000000004422cf        0x0 /usr/lib/gcc/x86_64-linux-gnu/10/../../../x86_64-linux-gnu/libc.a(varshift.o)
 .text          0x00000000004422cf        0x0 /usr/lib/gcc/x86_64-linux-gnu/10/../../../x86_64-linux-gnu/libc.a(memset-avx512-no-vzeroupper.o)
 *fill*         0x00000000004422cf        0x1 
 .text.avx512   0x00000000004422d0      0x280 /usr/lib/gcc/x86_64-linux-gnu/10/../../../x86_64-linux-gnu/libc.a(memset-avx512-no-vzeroupper.o)
                0x00000000004422d0                __memset_chk_avx512_no_vzeroupper
                0x00000000004422e0                __memset_avx512_no_vzeroupper
 .text          0x0000000000442550      0x3a9 /usr/lib/gcc/x86_64-linux-gnu/10/../../../x86_64-linux-gnu/libc.a(memmove-sse2-unaligned-erms.o)
                0x0000000000442550                __mempcpy_sse2_unaligned
                0x0000000000442560                __memmove_sse2_unaligned
                0x0000000000442560                __memcpy_sse2_unaligned
                0x0000000000442590                __mempcpy_chk_erms
                0x00000000004425a0                __mempcpy_erms
                0x00000000004425b0                __memcpy_chk_erms
                0x00000000004425b0                __memmove_chk_erms
                0x00000000004425c0                __memmove_erms
                0x00000000004425c0                __memcpy_erms
                0x00000000004425f0                __mempcpy_sse2_unaligned_erms
                0x0000000000442600                __memmove_sse2_unaligned_erms
                0x0000000000442600                __memcpy_sse2_unaligned_erms
 .text          0x00000000004428f9        0x0 /usr/lib/gcc/x86_64-linux-gnu/10/../../../x86_64-linux-gnu/libc.a(memmove-avx-unaligned-erms.o)
 *fill*         0x00000000004428f9        0x7 
 .text.avx      0x0000000000442900      0x437 /usr/lib/gcc/x86_64-linux-gnu/10/../../../x86_64-linux-gnu/libc.a(memmove-avx-unaligned-erms.o)
                0x0000000000442900                __mempcpy_avx_unaligned
                0x0000000000442910                __memcpy_avx_unaligned
                0x0000000000442910                __memmove_avx_unaligned
                0x0000000000442940                __mempcpy_avx_unaligned_erms
                0x0000000000442950                __memcpy_avx_unaligned_erms
                0x0000000000442950                __memmove_avx_unaligned_erms
 .text          0x0000000000442d37        0x0 /usr/lib/gcc/x86_64-linux-gnu/10/../../../x86_64-linux-gnu/libc.a(memmove-avx512-unaligned-erms.o)
 *fill*         0x0000000000442d37        0x9 
 .text.avx512   0x0000000000442d40      0x553 /usr/lib/gcc/x86_64-linux-gnu/10/../../../x86_64-linux-gnu/libc.a(memmove-avx512-unaligned-erms.o)
                0x0000000000442d40                __mempcpy_avx512_unaligned
                0x0000000000442d50                __memmove_avx512_unaligned
                0x0000000000442d50                __memcpy_avx512_unaligned
                0x0000000000442d90                __mempcpy_avx512_unaligned_erms
                0x0000000000442da0                __memmove_avx512_unaligned_erms
                0x0000000000442da0                __memcpy_avx512_unaligned_erms
 *fill*         0x0000000000443293        0xd 
 .text          0x00000000004432a0      0x173 /usr/lib/gcc/x86_64-linux-gnu/10/../../../x86_64-linux-gnu/libc.a(memset-sse2-unaligned-erms.o)
                0x00000000004432a0                __bzero
                0x00000000004432a0                bzero
                0x00000000004432b0                __wmemset_sse2_unaligned
                0x00000000004432d0                __memset_sse2_unaligned
                0x0000000000443300                __memset_chk_erms
                0x0000000000443310                __memset_erms
                0x0000000000443330                __memset_sse2_unaligned_erms
 .text          0x0000000000443413        0x0 /usr/lib/gcc/x86_64-linux-gnu/10/../../../x86_64-linux-gnu/libc.a(memset-avx2-unaligned-erms.o)
 *fill*         0x0000000000443413        0xd 
 .text.avx      0x0000000000443420      0x17b /usr/lib/gcc/x86_64-linux-gnu/10/../../../x86_64-linux-gnu/libc.a(memset-avx2-unaligned-erms.o)
                0x0000000000443420                __wmemset_avx2_unaligned
                0x0000000000443440                __memset_avx2_unaligned
                0x0000000000443470                __memset_avx2_erms
                0x0000000000443490                __memset_avx2_unaligned_erms
 .text          0x000000000044359b        0x0 /usr/lib/gcc/x86_64-linux-gnu/10/../../../x86_64-linux-gnu/libc.a(memset-avx512-unaligned-erms.o)
 *fill*         0x000000000044359b        0x5 
 .text.avx512   0x00000000004435a0      0x1d1 /usr/lib/gcc/x86_64-linux-gnu/10/../../../x86_64-linux-gnu/libc.a(memset-avx512-unaligned-erms.o)
                0x00000000004435a0                __wmemset_avx512_unaligned
                0x00000000004435c0                __memset_avx512_unaligned
                0x0000000000443600                __memset_avx512_erms
                0x0000000000443620                __memset_avx512_unaligned_erms
 *fill*         0x0000000000443771        0xf 
 .text          0x0000000000443780      0x5a5 /usr/lib/gcc/x86_64-linux-gnu/10/../../../x86_64-linux-gnu/libc.a(cacheinfo.o)
                0x0000000000443d00                __cache_sysconf
 *fill*         0x0000000000443d25        0xb 
 .text          0x0000000000443d30       0x43 /usr/lib/gcc/x86_64-linux-gnu/10/../../../x86_64-linux-gnu/libc.a(strcasecmp_l-nonascii.o)
                0x0000000000443d30                __strcasecmp_l_nonascii
 *fill*         0x0000000000443d73        0xd 
 .text          0x0000000000443d80        0x9 /usr/lib/gcc/x86_64-linux-gnu/10/../../../x86_64-linux-gnu/libc.a(wmempcpy.o)
                0x0000000000443d80                wmempcpy
                0x0000000000443d80                __wmempcpy
 *fill*         0x0000000000443d89        0x7 
 .text          0x0000000000443d90      0x1d4 /usr/lib/gcc/x86_64-linux-gnu/10/../../../x86_64-linux-gnu/libc.a(wcrtomb.o)
                0x0000000000443d90                __wcrtomb
                0x0000000000443d90                wcrtomb
 *fill*         0x0000000000443f64        0xc 
 .text          0x0000000000443f70       0x1e /usr/lib/gcc/x86_64-linux-gnu/10/../../../x86_64-linux-gnu/libc.a(mbsrtowcs.o)
                0x0000000000443f70                mbsrtowcs
                0x0000000000443f70                __mbsrtowcs
 *fill*         0x0000000000443f8e        0x2 
 .text          0x0000000000443f90      0x2ea /usr/lib/gcc/x86_64-linux-gnu/10/../../../x86_64-linux-gnu/libc.a(wcsrtombs.o)
                0x0000000000443f90                wcsrtombs
                0x0000000000443f90                __wcsrtombs
 *fill*         0x000000000044427a        0x6 
 .text          0x0000000000444280       0x41 /usr/lib/gcc/x86_64-linux-gnu/10/../../../x86_64-linux-gnu/libc.a(wcsnlen.o)
                0x0000000000444280                wcsnlen
                0x0000000000444280                __wcsnlen
 *fill*         0x00000000004442c1        0xf 
 .text          0x00000000004442d0      0x644 /usr/lib/gcc/x86_64-linux-gnu/10/../../../x86_64-linux-gnu/libc.a(wcsmbsload.o)
                0x00000000004442d0                _nl_cleanup_ctype
                0x0000000000444320                __wcsmbs_getfct
                0x00000000004443a0                __wcsmbs_load_conv
                0x00000000004446d0                __wcsmbs_clone_conv
                0x0000000000444810                __wcsmbs_named_conv
 *fill*         0x0000000000444914        0xc 
 .text          0x0000000000444920      0x365 /usr/lib/gcc/x86_64-linux-gnu/10/../../../x86_64-linux-gnu/libc.a(mbsrtowcs_l.o)
                0x0000000000444920                __mbsrtowcs_l
 *fill*         0x0000000000444c85        0xb 
 .text          0x0000000000444c90      0x21c /usr/lib/gcc/x86_64-linux-gnu/10/../../../x86_64-linux-gnu/libc.a(wcsnlen-sse4_1.o)
                0x0000000000444c90                __wcsnlen_sse4_1
 *fill*         0x0000000000444eac        0x4 
 .text          0x0000000000444eb0       0x2e /usr/lib/gcc/x86_64-linux-gnu/10/../../../x86_64-linux-gnu/libc.a(wcsnlen-c.o)
                0x0000000000444eb0                __wcsnlen_sse2
 .text          0x0000000000444ede        0x0 /usr/lib/gcc/x86_64-linux-gnu/10/../../../x86_64-linux-gnu/libc.a(wcsnlen-avx2.o)
 *fill*         0x0000000000444ede        0x2 
 .text.avx      0x0000000000444ee0      0x342 /usr/lib/gcc/x86_64-linux-gnu/10/../../../x86_64-linux-gnu/libc.a(wcsnlen-avx2.o)
                0x0000000000444ee0                __wcsnlen_avx2
 *fill*         0x0000000000445222        0xe 
 .text          0x0000000000445230       0x48 /usr/lib/gcc/x86_64-linux-gnu/10/../../../x86_64-linux-gnu/libc.a(_exit.o)
                0x0000000000445230                _Exit
                0x0000000000445230                _exit
 *fill*         0x0000000000445278        0x8 
 .text          0x0000000000445280      0x530 /usr/lib/gcc/x86_64-linux-gnu/10/../../../x86_64-linux-gnu/libc.a(sysconf.o)
                0x0000000000445380                sysconf
                0x0000000000445380                __sysconf
 .text          0x00000000004457b0       0x21 /usr/lib/gcc/x86_64-linux-gnu/10/../../../x86_64-linux-gnu/libc.a(sched_yield.o)
                0x00000000004457b0                __sched_yield
                0x00000000004457b0                sched_yield
 *fill*         0x00000000004457d1        0xf 
 .text          0x00000000004457e0       0x4e /usr/lib/gcc/x86_64-linux-gnu/10/../../../x86_64-linux-gnu/libc.a(get_child_max.o)
                0x00000000004457e0                __get_child_max
 .text          0x000000000044582e        0x0 /usr/lib/gcc/x86_64-linux-gnu/10/../../../x86_64-linux-gnu/libc.a(environ.o)
 *fill*         0x000000000044582e        0x2 
 .text          0x0000000000445830       0x4c /usr/lib/gcc/x86_64-linux-gnu/10/../../../x86_64-linux-gnu/libc.a(xstat.o)
                0x0000000000445830                _xstat
                0x0000000000445830                __xstat64
                0x0000000000445830                __xstat
 *fill*         0x000000000044587c        0x4 
 .text          0x0000000000445880       0x4c /usr/lib/gcc/x86_64-linux-gnu/10/../../../x86_64-linux-gnu/libc.a(fxstat.o)
                0x0000000000445880                __fxstat64
                0x0000000000445880                _fxstat
                0x0000000000445880                __fxstat
 *fill*         0x00000000004458cc        0x4 
 .text          0x00000000004458d0      0x128 /usr/lib/gcc/x86_64-linux-gnu/10/../../../x86_64-linux-gnu/libc.a(open64.o)
                0x00000000004458d0                __open
                0x00000000004458d0                __libc_open64
                0x00000000004458d0                __libc_open
                0x00000000004458d0                open64
                0x00000000004458d0                open
                0x00000000004458d0                __open64
 *fill*         0x00000000004459f8        0x8 
 .text          0x0000000000445a00       0x9d /usr/lib/gcc/x86_64-linux-gnu/10/../../../x86_64-linux-gnu/libc.a(read.o)
                0x0000000000445a00                __read
                0x0000000000445a00                __libc_read
                0x0000000000445a00                read
 *fill*         0x0000000000445a9d        0x3 
 .text          0x0000000000445aa0       0x9d /usr/lib/gcc/x86_64-linux-gnu/10/../../../x86_64-linux-gnu/libc.a(write.o)
                0x0000000000445aa0                __write
                0x0000000000445aa0                write
                0x0000000000445aa0                __libc_write
 *fill*         0x0000000000445b3d        0x3 
 .text          0x0000000000445b40       0x24 /usr/lib/gcc/x86_64-linux-gnu/10/../../../x86_64-linux-gnu/libc.a(lseek64.o)
                0x0000000000445b40                __lseek64
                0x0000000000445b40                lseek
                0x0000000000445b40                __libc_lseek64
                0x0000000000445b40                __lseek
                0x0000000000445b40                __libc_lseek
                0x0000000000445b40                lseek64
 *fill*         0x0000000000445b64        0xc 
 .text          0x0000000000445b70      0x735 /usr/lib/gcc/x86_64-linux-gnu/10/../../../x86_64-linux-gnu/libc.a(getcwd.o)
                0x0000000000445b70                __getcwd
                0x0000000000445b70                getcwd
 *fill*         0x00000000004462a5        0xb 
 .text          0x00000000004462b0       0x22 /usr/lib/gcc/x86_64-linux-gnu/10/../../../x86_64-linux-gnu/libc.a(close_nocancel.o)
                0x00000000004462b0                __close_nocancel
 *fill*         0x00000000004462d2        0xe 
 .text          0x00000000004462e0      0x130 /usr/lib/gcc/x86_64-linux-gnu/10/../../../x86_64-linux-gnu/libc.a(fcntl_nocancel.o)
                0x00000000004462e0                __fcntl64_nocancel
                0x0000000000446390                __fcntl64_nocancel_adjusted
 .text          0x0000000000446410       0xa8 /usr/lib/gcc/x86_64-linux-gnu/10/../../../x86_64-linux-gnu/libc.a(open64_nocancel.o)
                0x0000000000446410                __open_nocancel
                0x0000000000446410                __open64_nocancel
 *fill*         0x00000000004464b8        0x8 
 .text          0x00000000004464c0       0x98 /usr/lib/gcc/x86_64-linux-gnu/10/../../../x86_64-linux-gnu/libc.a(openat64_nocancel.o)
                0x00000000004464c0                __openat64_nocancel
                0x00000000004464c0                __openat_nocancel
 *fill*         0x0000000000446558        0x8 
 .text          0x0000000000446560       0x24 /usr/lib/gcc/x86_64-linux-gnu/10/../../../x86_64-linux-gnu/libc.a(read_nocancel.o)
                0x0000000000446560                __read_nocancel
 *fill*         0x0000000000446584        0xc 
 .text          0x0000000000446590       0x24 /usr/lib/gcc/x86_64-linux-gnu/10/../../../x86_64-linux-gnu/libc.a(write_nocancel.o)
                0x0000000000446590                __write_nocancel
 *fill*         0x00000000004465b4        0xc 
 .text          0x00000000004465c0       0x32 /usr/lib/gcc/x86_64-linux-gnu/10/../../../x86_64-linux-gnu/libc.a(getrlimit64.o)
                0x00000000004465c0                getrlimit
                0x00000000004465c0                getrlimit64
                0x00000000004465c0                __getrlimit
                0x00000000004465c0                __GI___getrlimit
                0x00000000004465c0                __GI_getrlimit
                0x00000000004465c0                __getrlimit64
 *fill*         0x00000000004465f2        0xe 
 .text          0x0000000000446600       0x8b /usr/lib/gcc/x86_64-linux-gnu/10/../../../x86_64-linux-gnu/libc.a(sbrk.o)
                0x0000000000446600                sbrk
                0x0000000000446600                __sbrk
 *fill*         0x000000000044668b        0x5 
 .text          0x0000000000446690       0x2d /usr/lib/gcc/x86_64-linux-gnu/10/../../../x86_64-linux-gnu/libc.a(getpagesize.o)
                0x0000000000446690                getpagesize
                0x0000000000446690                __getpagesize
 *fill*         0x00000000004466bd        0x3 
 .text          0x00000000004466c0       0x46 /usr/lib/gcc/x86_64-linux-gnu/10/../../../x86_64-linux-gnu/libc.a(getdtsz.o)
                0x00000000004466c0                __getdtablesize
                0x00000000004466c0                getdtablesize
 *fill*         0x0000000000446706        0xa 
 .text          0x0000000000446710       0xa5 /usr/lib/gcc/x86_64-linux-gnu/10/../../../x86_64-linux-gnu/libc.a(mmap64.o)
                0x0000000000446710                __mmap
                0x0000000000446710                mmap
                0x0000000000446710                __mmap64
                0x0000000000446710                mmap64
 *fill*         0x00000000004467b5        0xb 
 .text          0x00000000004467c0       0x21 /usr/lib/gcc/x86_64-linux-gnu/10/../../../x86_64-linux-gnu/libc.a(munmap.o)
                0x00000000004467c0                munmap
                0x00000000004467c0                __munmap
 *fill*         0x00000000004467e1        0xf 
 .text          0x00000000004467f0       0x21 /usr/lib/gcc/x86_64-linux-gnu/10/../../../x86_64-linux-gnu/libc.a(mprotect.o)
                0x00000000004467f0                __mprotect
                0x00000000004467f0                mprotect
 *fill*         0x0000000000446811        0xf 
 .text          0x0000000000446820       0x21 /usr/lib/gcc/x86_64-linux-gnu/10/../../../x86_64-linux-gnu/libc.a(madvise.o)
                0x0000000000446820                madvise
                0x0000000000446820                __madvise
 *fill*         0x0000000000446841        0xf 
 .text          0x0000000000446850      0xad1 /usr/lib/gcc/x86_64-linux-gnu/10/../../../x86_64-linux-gnu/libc.a(tsearch.o)
                0x0000000000446b30                tsearch
                0x0000000000446b30                __tsearch
                0x0000000000446cd0                tfind
                0x0000000000446cd0                __tfind
                0x0000000000446d40                tdelete
                0x0000000000446d40                __tdelete
                0x00000000004472d0                __twalk
                0x00000000004472d0                twalk
                0x00000000004472f0                twalk_r
                0x00000000004472f0                __twalk_r
                0x0000000000447310                __tdestroy
                0x0000000000447310                tdestroy
 *fill*         0x0000000000447321        0xf 
 .text          0x0000000000447330      0x6ce /usr/lib/gcc/x86_64-linux-gnu/10/../../../x86_64-linux-gnu/libc.a(getsysstats.o)
                0x00000000004474c0                __get_nprocs
                0x00000000004474c0                get_nprocs
                0x00000000004477e0                __get_nprocs_conf
                0x00000000004477e0                get_nprocs_conf
                0x00000000004478e0                get_phys_pages
                0x00000000004478e0                __get_phys_pages
                0x0000000000447970                get_avphys_pages
                0x0000000000447970                __get_avphys_pages
 *fill*         0x00000000004479fe        0x2 
 .text          0x0000000000447a00       0x11 /usr/lib/gcc/x86_64-linux-gnu/10/../../../x86_64-linux-gnu/libc.a(getclktck.o)
                0x0000000000447a00                __getclktck
 *fill*         0x0000000000447a11        0xf 
 .text          0x0000000000447a20       0x51 /usr/lib/gcc/x86_64-linux-gnu/10/../../../x86_64-linux-gnu/libc.a(init-misc.o)
                0x0000000000447a20                __init_misc
 *fill*         0x0000000000447a71        0xf 
 .text          0x0000000000447a80       0x24 /usr/lib/gcc/x86_64-linux-gnu/10/../../../x86_64-linux-gnu/libc.a(mremap.o)
                0x0000000000447a80                mremap
                0x0000000000447a80                __mremap
 *fill*         0x0000000000447aa4        0xc 
 .text          0x0000000000447ab0       0x21 /usr/lib/gcc/x86_64-linux-gnu/10/../../../x86_64-linux-gnu/libc.a(sysinfo.o)
                0x0000000000447ab0                sysinfo
                0x0000000000447ab0                __sysinfo
 *fill*         0x0000000000447ad1        0xf 
 .text          0x0000000000447ae0       0x85 /usr/lib/gcc/x86_64-linux-gnu/10/../../../x86_64-linux-gnu/libc.a(wctrans.o)
                0x0000000000447ae0                __wctrans
                0x0000000000447ae0                wctrans
 *fill*         0x0000000000447b65        0xb 
 .text          0x0000000000447b70       0x45 /usr/lib/gcc/x86_64-linux-gnu/10/../../../x86_64-linux-gnu/libc.a(towctrans.o)
                0x0000000000447b70                towctrans
                0x0000000000447b70                __towctrans
 *fill*         0x0000000000447bb5        0xb 
 .text          0x0000000000447bc0       0x10 /usr/lib/gcc/x86_64-linux-gnu/10/../../../x86_64-linux-gnu/libc.a(chk_fail.o)
                0x0000000000447bc0                __chk_fail
 .text          0x0000000000447bd0      0x210 /usr/lib/gcc/x86_64-linux-gnu/10/../../../x86_64-linux-gnu/libc.a(readonly-area.o)
                0x0000000000447bd0                __readonly_area
 .text          0x0000000000447de0       0x10 /usr/lib/gcc/x86_64-linux-gnu/10/../../../x86_64-linux-gnu/libc.a(stack_chk_fail.o)
                0x0000000000447de0                __stack_chk_fail_local
                0x0000000000447de0                __stack_chk_fail
 .text          0x0000000000447df0       0x24 /usr/lib/gcc/x86_64-linux-gnu/10/../../../x86_64-linux-gnu/libc.a(fortify_fail.o)
                0x0000000000447df0                __fortify_fail
 *fill*         0x0000000000447e14        0xc 
 .text          0x0000000000447e20       0x8c /usr/lib/gcc/x86_64-linux-gnu/10/../../../x86_64-linux-gnu/libc.a(dl-debug.o)
                0x0000000000447e20                _dl_debug_state
                0x0000000000447e30                _dl_debug_initialize
 *fill*         0x0000000000447eac        0x4 
 .text          0x0000000000447eb0      0x86d /usr/lib/gcc/x86_64-linux-gnu/10/../../../x86_64-linux-gnu/libc.a(dl-tls.o)
                0x0000000000447ee0                _dl_tls_static_surplus_init
                0x0000000000447f80                _dl_next_tls_modid
                0x0000000000448070                _dl_count_modids
                0x00000000004480e0                _dl_get_tls_static_info
                0x0000000000448100                _dl_allocate_tls_storage
                0x00000000004481d0                _dl_allocate_tls_init
                0x00000000004484c0                _dl_allocate_tls
                0x0000000000448530                _dl_deallocate_tls
                0x00000000004485b0                _dl_tls_get_addr_soft
                0x0000000000448630                _dl_add_to_slotinfo
 *fill*         0x000000000044871d        0x3 
 .text          0x0000000000448720      0x6a5 /usr/lib/gcc/x86_64-linux-gnu/10/../../../x86_64-linux-gnu/libc.a(dl-tunables.o)
                0x0000000000448770                __tunable_set_val
                0x0000000000448790                __tunables_init
                0x0000000000448d60                __tunable_get_val
 *fill*         0x0000000000448dc5        0xb 
 .text          0x0000000000448dd0     0x10c8 /usr/lib/gcc/x86_64-linux-gnu/10/../../../x86_64-linux-gnu/libc.a(dl-support.o)
                0x0000000000448dd0                _dl_aux_init
                0x00000000004491f0                _dl_non_dynamic_init
                0x0000000000449e90                _dl_get_dl_main_map
 *fill*         0x0000000000449e98        0x8 
 .text          0x0000000000449ea0       0x4e /usr/lib/gcc/x86_64-linux-gnu/10/../../../x86_64-linux-gnu/libc.a(enbl-secure.o)
                0x0000000000449ea0                __libc_init_secure
 *fill*         0x0000000000449eee        0x2 
 .text          0x0000000000449ef0       0x31 /usr/lib/gcc/x86_64-linux-gnu/10/../../../x86_64-linux-gnu/libc.a(dl-profstub.o)
                0x0000000000449ef0                _dl_mcount_wrapper
                0x0000000000449f00                _dl_mcount_wrapper_check
 *fill*         0x0000000000449f21        0xf 
 .text          0x0000000000449f30      0xce9 /usr/lib/gcc/x86_64-linux-gnu/10/../../../x86_64-linux-gnu/libc.a(dl-sysdep.o)
                0x0000000000449f30                _dl_tunable_set_hwcaps
                0x000000000044ab20                _dl_discover_osversion
 *fill*         0x000000000044ac19        0x7 
 .text          0x000000000044ac20      0x2e6 /usr/lib/gcc/x86_64-linux-gnu/10/../../../x86_64-linux-gnu/libc.a(dl-error.o)
                0x000000000044ace0                _dl_signal_exception
                0x000000000044ad30                _dl_signal_error
                0x000000000044ad90                _dl_catch_exception
                0x000000000044aea0                _dl_catch_error
 *fill*         0x000000000044af06        0xa 
 .text          0x000000000044af10       0x81 /usr/lib/gcc/x86_64-linux-gnu/10/../../../x86_64-linux-gnu/libc.a(init-first.o)
                0x000000000044af10                __libc_init_first
 *fill*         0x000000000044af91        0xf 
 .text          0x000000000044afa0      0x315 /usr/lib/gcc/x86_64-linux-gnu/10/../../../x86_64-linux-gnu/libc.a(gconv_open.o)
                0x000000000044afa0                __gconv_open
 *fill*         0x000000000044b2b5        0xb 
 .text          0x000000000044b2c0      0x202 /usr/lib/gcc/x86_64-linux-gnu/10/../../../x86_64-linux-gnu/libc.a(gconv.o)
                0x000000000044b2c0                __gconv
 *fill*         0x000000000044b4c2        0xe 
 .text          0x000000000044b4d0       0x5a /usr/lib/gcc/x86_64-linux-gnu/10/../../../x86_64-linux-gnu/libc.a(gconv_close.o)
                0x000000000044b4d0                __gconv_close
 *fill*         0x000000000044b52a        0x6 
 .text          0x000000000044b530     0x113e /usr/lib/gcc/x86_64-linux-gnu/10/../../../x86_64-linux-gnu/libc.a(gconv_db.o)
                0x000000000044b530                __gconv_alias_compare
                0x000000000044b580                __gconv_get_modules_db
                0x000000000044b590                __gconv_get_alias_db
                0x000000000044b5a0                __gconv_release_step
                0x000000000044c130                __gconv_compare_alias
                0x000000000044c210                __gconv_find_transform
                0x000000000044c520                __gconv_close_transform
 *fill*         0x000000000044c66e        0x2 
 .text          0x000000000044c670      0xd75 /usr/lib/gcc/x86_64-linux-gnu/10/../../../x86_64-linux-gnu/libc.a(gconv_conf.o)
                0x000000000044d3a0                __gconv_load_conf
 *fill*         0x000000000044d3e5        0xb 
 .text          0x000000000044d3f0       0xe3 /usr/lib/gcc/x86_64-linux-gnu/10/../../../x86_64-linux-gnu/libc.a(gconv_builtin.o)
                0x000000000044d3f0                __gconv_get_builtin_trans
 *fill*         0x000000000044d4d3        0xd 
 .text          0x000000000044d4e0     0x695a /usr/lib/gcc/x86_64-linux-gnu/10/../../../x86_64-linux-gnu/libc.a(gconv_simple.o)
                0x000000000044d4e0                __gconv_btwoc_ascii
                0x000000000044d4f0                __gconv_transform_internal_ucs4
                0x000000000044da40                __gconv_transform_ucs4_internal
                0x000000000044e070                __gconv_transform_internal_ucs4le
                0x000000000044e5a0                __gconv_transform_ucs4le_internal
                0x000000000044ec20                __gconv_transform_ascii_internal
                0x000000000044f0b0                __gconv_transform_internal_ascii
                0x000000000044fc80                __gconv_transform_internal_utf8
                0x0000000000450960                __gconv_transform_utf8_internal
                0x0000000000451650                __gconv_transform_ucs2_internal
                0x0000000000451db0                __gconv_transform_internal_ucs2
                0x0000000000452a30                __gconv_transform_ucs2reverse_internal
                0x00000000004531b0                __gconv_transform_internal_ucs2reverse
 *fill*         0x0000000000453e3a        0x6 
 .text          0x0000000000453e40      0x4b4 /usr/lib/gcc/x86_64-linux-gnu/10/../../../x86_64-linux-gnu/libc.a(gconv_trans.o)
                0x0000000000453e40                __gconv_transliterate
 *fill*         0x00000000004542f4        0xc 
 .text          0x0000000000454300      0x9a1 /usr/lib/gcc/x86_64-linux-gnu/10/../../../x86_64-linux-gnu/libc.a(gconv_cache.o)
                0x00000000004544f0                __gconv_get_cache
                0x0000000000454500                __gconv_load_cache
                0x0000000000454710                __gconv_compare_alias_cache
                0x00000000004547b0                __gconv_lookup_cache
                0x0000000000454c90                __gconv_release_cache
 *fill*         0x0000000000454ca1        0xf 
 .text          0x0000000000454cb0      0x2a6 /usr/lib/gcc/x86_64-linux-gnu/10/../../../x86_64-linux-gnu/libc.a(gconv_dl.o)
                0x0000000000454d40                __gconv_find_shlib
                0x0000000000454f40                __gconv_release_shlib
 *fill*         0x0000000000454f56        0xa 
 .text          0x0000000000454f60      0x446 /usr/lib/gcc/x86_64-linux-gnu/10/../../../x86_64-linux-gnu/libc.a(gconv_charset.o)
                0x00000000004550b0                __gconv_create_spec
                0x0000000000455390                __gconv_destroy_spec
 *fill*         0x00000000004553a6        0xa 
 .text          0x00000000004553b0      0x8a9 /usr/lib/gcc/x86_64-linux-gnu/10/../../../x86_64-linux-gnu/libc.a(setlocale.o)
                0x00000000004555b0                setlocale
 *fill*         0x0000000000455c59        0x7 
 .text          0x0000000000455c60      0x851 /usr/lib/gcc/x86_64-linux-gnu/10/../../../x86_64-linux-gnu/libc.a(findlocale.o)
                0x0000000000455c60                _nl_find_locale
                0x0000000000456460                _nl_remove_locale
 *fill*         0x00000000004564b1        0xf 
 .text          0x00000000004564c0      0x606 /usr/lib/gcc/x86_64-linux-gnu/10/../../../x86_64-linux-gnu/libc.a(loadlocale.o)
                0x00000000004564c0                _nl_intern_locale_data
                0x0000000000456710                _nl_load_locale
                0x0000000000456a70                _nl_unload_locale
 *fill*         0x0000000000456ac6        0xa 
 .text          0x0000000000456ad0      0x565 /usr/lib/gcc/x86_64-linux-gnu/10/../../../x86_64-linux-gnu/libc.a(loadarchive.o)
                0x0000000000456ad0                _nl_load_locale_from_archive
 *fill*         0x0000000000457035        0xb 
 .text          0x0000000000457040       0x7a /usr/lib/gcc/x86_64-linux-gnu/10/../../../x86_64-linux-gnu/libc.a(lc-ctype.o)
                0x0000000000457040                _nl_postload_ctype
 .text          0x00000000004570ba        0x0 /usr/lib/gcc/x86_64-linux-gnu/10/../../../x86_64-linux-gnu/libc.a(lc-numeric.o)
 .text          0x00000000004570ba        0x0 /usr/lib/gcc/x86_64-linux-gnu/10/../../../x86_64-linux-gnu/libc.a(C-ctype.o)
 .text          0x00000000004570ba        0x0 /usr/lib/gcc/x86_64-linux-gnu/10/../../../x86_64-linux-gnu/libc.a(SYS_libc.o)
 .text          0x00000000004570ba        0x0 /usr/lib/gcc/x86_64-linux-gnu/10/../../../x86_64-linux-gnu/libc.a(C_name.o)
 .text          0x00000000004570ba        0x0 /usr/lib/gcc/x86_64-linux-gnu/10/../../../x86_64-linux-gnu/libc.a(xlocale.o)
 *fill*         0x00000000004570ba        0x6 
 .text          0x00000000004570c0       0x17 /usr/lib/gcc/x86_64-linux-gnu/10/../../../x86_64-linux-gnu/libc.a(localename.o)
                0x00000000004570c0                __current_locale_name
 .text          0x00000000004570d7        0x0 /usr/lib/gcc/x86_64-linux-gnu/10/../../../x86_64-linux-gnu/libc.a(global-locale.o)
 *fill*         0x00000000004570d7        0x9 
 .text          0x00000000004570e0       0xb0 /usr/lib/gcc/x86_64-linux-gnu/10/../../../x86_64-linux-gnu/libc.a(ctype-info.o)
                0x00000000004570e0                __ctype_b_loc
                0x0000000000457100                __ctype_toupper_loc
                0x0000000000457120                __ctype_tolower_loc
                0x0000000000457140                __ctype_init
 .text          0x0000000000457190       0x4d /usr/lib/gcc/x86_64-linux-gnu/10/../../../x86_64-linux-gnu/libc.a(setfpucw.o)
                0x0000000000457190                __setfpucw
 .text          0x00000000004571dd        0x0 /usr/lib/gcc/x86_64-linux-gnu/10/../../../x86_64-linux-gnu/libc.a(fpu_control.o)
 *fill*         0x00000000004571dd        0x3 
 .text          0x00000000004571e0       0x57 /usr/lib/gcc/x86_64-linux-gnu/10/../../../x86_64-linux-gnu/libc.a(setjmp.o)
                0x00000000004571e0                __sigsetjmp
 *fill*         0x0000000000457237        0x9 
 .text          0x0000000000457240       0x2c /usr/lib/gcc/x86_64-linux-gnu/10/../../../x86_64-linux-gnu/libc.a(sigjmp.o)
                0x0000000000457240                __sigjmp_save
 *fill*         0x000000000045726c        0x4 
 .text          0x0000000000457270       0x50 /usr/lib/gcc/x86_64-linux-gnu/10/../../../x86_64-linux-gnu/libc.a(__longjmp.o)
                0x0000000000457270                __longjmp
 .text          0x00000000004572c0      0x22c /usr/lib/gcc/x86_64-linux-gnu/10/../../../x86_64-linux-gnu/libc.a(sigaction.o)
                0x00000000004572e0                __libc_sigaction
                0x00000000004574c0                sigaction
                0x00000000004574c0                __sigaction
 *fill*         0x00000000004574ec        0x4 
 .text          0x00000000004574f0       0xfb /usr/lib/gcc/x86_64-linux-gnu/10/../../../x86_64-linux-gnu/libc.a(sigprocmask.o)
                0x00000000004574f0                __sigprocmask
                0x00000000004574f0                sigprocmask
 *fill*         0x00000000004575eb        0x5 
 .text          0x00000000004575f0      0x484 /usr/lib/gcc/x86_64-linux-gnu/10/../../../x86_64-linux-gnu/libc.a(qsort.o)
                0x00000000004575f0                _quicksort
 *fill*         0x0000000000457a74        0xc 
 .text          0x0000000000457a80      0x64e /usr/lib/gcc/x86_64-linux-gnu/10/../../../x86_64-linux-gnu/libc.a(setenv.o)
                0x0000000000457a80                __add_to_environ
                0x0000000000457e40                setenv
                0x0000000000457e40                __setenv
                0x0000000000457ea0                unsetenv
                0x0000000000457ea0                __unsetenv
                0x0000000000458000                clearenv
                0x0000000000458000                __clearenv
 *fill*         0x00000000004580ce        0x2 
 .text          0x00000000004580d0       0x13 /usr/lib/gcc/x86_64-linux-gnu/10/../../../x86_64-linux-gnu/libc.a(secure-getenv.o)
                0x00000000004580d0                secure_getenv
                0x00000000004580d0                __libc_secure_getenv
 *fill*         0x00000000004580e3        0xd 
 .text          0x00000000004580f0       0x22 /usr/lib/gcc/x86_64-linux-gnu/10/../../../x86_64-linux-gnu/libc.a(strtol.o)
                0x00000000004580f0                __strtol_internal
                0x00000000004580f0                __strtoll_internal
                0x0000000000458100                strtoll
                0x0000000000458100                strtoq
                0x0000000000458100                strtol
                0x0000000000458100                __strtol
 *fill*         0x0000000000458112        0xe 
 .text          0x0000000000458120      0x51a /usr/lib/gcc/x86_64-linux-gnu/10/../../../x86_64-linux-gnu/libc.a(strtol_l.o)
                0x0000000000458120                ____strtol_l_internal
                0x0000000000458120                ____strtoll_l_internal
                0x0000000000458630                strtoll_l
                0x0000000000458630                strtol_l
                0x0000000000458630                __strtoll_l
                0x0000000000458630                __strtol_l
 *fill*         0x000000000045863a        0x6 
 .text          0x0000000000458640      0x142 /usr/lib/gcc/x86_64-linux-gnu/10/../../../x86_64-linux-gnu/libc.a(_itoa.o)
                0x0000000000458640                _itoa_word
                0x0000000000458720                _fitoa_word
 .text          0x0000000000458782        0x0 /usr/lib/gcc/x86_64-linux-gnu/10/../../../x86_64-linux-gnu/libc.a(itoa-digits.o)
 .text          0x0000000000458782        0x0 /usr/lib/gcc/x86_64-linux-gnu/10/../../../x86_64-linux-gnu/libc.a(itoa-udigits.o)
 *fill*         0x0000000000458782        0xe 
 .text          0x0000000000458790     0x2ed6 /usr/lib/gcc/x86_64-linux-gnu/10/../../../x86_64-linux-gnu/libc.a(printf_fp.o)
                0x0000000000458c00                __printf_fp_l
                0x000000000045b600                ___printf_fp
                0x000000000045b600                __printf_fp
                0x000000000045b620                __guess_grouping
 *fill*         0x000000000045b666        0xa 
 .text          0x000000000045b670      0x135 /usr/lib/gcc/x86_64-linux-gnu/10/../../../x86_64-linux-gnu/libc.a(reg-printf.o)
                0x000000000045b670                __register_printf_specifier
                0x000000000045b670                register_printf_specifier
                0x000000000045b7a0                __register_printf_function
                0x000000000045b7a0                register_printf_function
 *fill*         0x000000000045b7a5        0xb 
 .text          0x000000000045b7b0     0x1cde /usr/lib/gcc/x86_64-linux-gnu/10/../../../x86_64-linux-gnu/libc.a(printf_fphex.o)
                0x000000000045b7b0                __printf_fphex
 *fill*         0x000000000045d48e        0x2 
 .text          0x000000000045d490      0x344 /usr/lib/gcc/x86_64-linux-gnu/10/../../../x86_64-linux-gnu/libc.a(reg-modifier.o)
                0x000000000045d490                __register_printf_modifier
                0x000000000045d490                register_printf_modifier
                0x000000000045d640                __handle_registered_modifier_mb
                0x000000000045d710                __handle_registered_modifier_wc
 *fill*         0x000000000045d7d4        0xc 
 .text          0x000000000045d7e0      0x109 /usr/lib/gcc/x86_64-linux-gnu/10/../../../x86_64-linux-gnu/libc.a(reg-type.o)
                0x000000000045d7e0                __register_printf_type
                0x000000000045d7e0                register_printf_type
 *fill*         0x000000000045d8e9        0x7 
 .text          0x000000000045d8f0       0x4d /usr/lib/gcc/x86_64-linux-gnu/10/../../../x86_64-linux-gnu/libc.a(funlockfile.o)
                0x000000000045d8f0                _IO_funlockfile
                0x000000000045d8f0                funlockfile
                0x000000000045d8f0                __funlockfile
 *fill*         0x000000000045d93d        0x3 
 .text          0x000000000045d940     0x5c19 /usr/lib/gcc/x86_64-linux-gnu/10/../../../x86_64-linux-gnu/libc.a(vfwprintf-internal.o)
                0x0000000000460570                __vfwprintf_internal
 .text          0x0000000000463559        0x0 /usr/lib/gcc/x86_64-linux-gnu/10/../../../x86_64-linux-gnu/libc.a(errlist.o)
 *fill*         0x0000000000463559        0x7 
 .text          0x0000000000463560      0x658 /usr/lib/gcc/x86_64-linux-gnu/10/../../../x86_64-linux-gnu/libc.a(printf-parsewc.o)
                0x00000000004635e0                __parse_one_specwc
 *fill*         0x0000000000463bb8        0x8 
 .text          0x0000000000463bc0      0x15f /usr/lib/gcc/x86_64-linux-gnu/10/../../../x86_64-linux-gnu/libc.a(filedoalloc.o)
                0x0000000000463bc0                _IO_file_doallocate
 *fill*         0x0000000000463d1f        0x1 
 .text          0x0000000000463d20      0x17c /usr/lib/gcc/x86_64-linux-gnu/10/../../../x86_64-linux-gnu/libc.a(iofputs.o)
                0x0000000000463d20                _IO_fputs
                0x0000000000463d20                fputs
 *fill*         0x0000000000463e9c        0x4 
 .text          0x0000000000463ea0       0x7c /usr/lib/gcc/x86_64-linux-gnu/10/../../../x86_64-linux-gnu/libc.a(wfiledoalloc.o)
                0x0000000000463ea0                _IO_wfile_doallocate
 *fill*         0x0000000000463f1c        0x4 
 .text          0x0000000000463f20      0x1c6 /usr/lib/gcc/x86_64-linux-gnu/10/../../../x86_64-linux-gnu/libc.a(iofwrite.o)
                0x0000000000463f20                _IO_fwrite
                0x0000000000463f20                fwrite
 *fill*         0x00000000004640e6        0xa 